[0.047s][info][gc] Using G1
[1.788s][info][gc] GC(0) Pause Young (G1 Evacuation Pause) 52M->47M(1024M) 28.373ms
[3.260s][info][gc] GC(1) Pause Young (G1 Evacuation Pause) 93M->94M(1024M) 15.198ms
[4.742s][info][gc] GC(2) Pause Young (G1 Evacuation Pause) 141M->144M(1024M) 16.701ms
[6.178s][info][gc] GC(3) Pause Young (G1 Evacuation Pause) 188M->189M(1024M) 17.341ms
[7.671s][info][gc] GC(4) Pause Young (G1 Evacuation Pause) 238M->240M(1024M) 15.351ms
[9.136s][info][gc] GC(5) Pause Young (G1 Evacuation Pause) 284M->286M(1024M) 15.858ms
[10.566s][info][gc] GC(6) Pause Young (G1 Evacuation Pause) 330M->332M(1024M) 17.231ms
[12.087s][info][gc] GC(7) Pause Young (G1 Evacuation Pause) 378M->380M(1024M) 16.579ms
[14.347s][info][gc] GC(8) Pause Young (G1 Evacuation Pause) 449M->451M(1024M) 25.022ms
[16.782s][info][gc] GC(9) Pause Young (G1 Evacuation Pause) 534M->535M(1024M) 27.316ms
[20.244s][info][gc] GC(10) Pause Initial Mark (G1 Evacuation Pause) 642M->644M(1024M) 38.277ms
[20.244s][info][gc] GC(11) Concurrent Cycle
[20.387s][info][gc] GC(11) Pause Remark 648M->648M(1024M) 0.966ms
[20.445s][info][gc] GC(11) Pause Cleanup 649M->638M(1024M) 1.355ms
[20.446s][info][gc] GC(11) Concurrent Cycle 201.702ms
[23.047s][info][gc] GC(12) Pause Young (G1 Evacuation Pause) 719M->720M(1024M) 34.897ms
[25.055s][info][gc] GC(13) Pause Initial Mark (G1 Evacuation Pause) 782M->784M(1024M) 28.412ms
[25.055s][info][gc] GC(14) Concurrent Cycle
[25.200s][info][gc] GC(14) Pause Remark 788M->788M(1024M) 0.859ms
[25.271s][info][gc] GC(14) Pause Cleanup 790M->790M(1024M) 1.831ms
[25.272s][info][gc] GC(14) Concurrent Cycle 216.370ms
[26.427s][info][gc] GC(15) Pause Young (G1 Evacuation Pause) 826M->827M(1024M) 20.394ms
[27.843s][info][gc] GC(16) Pause Initial Mark (G1 Evacuation Pause) 871M->873M(1024M) 20.961ms
[27.843s][info][gc] GC(17) Concurrent Cycle
[28.010s][info][gc] GC(17) Pause Remark 877M->877M(1024M) 0.868ms
[28.090s][info][gc] GC(17) Pause Cleanup 880M->880M(1024M) 2.111ms
[28.091s][info][gc] GC(17) Concurrent Cycle 247.991ms
[29.190s][info][gc] GC(18) Pause Initial Mark (G1 Humongous Allocation) 914M->916M(1024M) 18.929ms
[29.190s][info][gc] GC(19) Concurrent Cycle
[29.457s][info][gc] GC(19) Pause Remark 935M->935M(1024M) 1.036ms
[29.542s][info][gc] GC(19) Pause Cleanup 938M->938M(1024M) 3.133ms
[29.543s][info][gc] GC(19) Concurrent Cycle 352.975ms
[30.779s][info][gc] GC(20) To-space exhausted
[30.779s][info][gc] GC(20) Pause Young (G1 Evacuation Pause) 977M->1024M(1024M) 20.554ms
[30.797s][info][gc] GC(21) To-space exhausted
[30.797s][info][gc] GC(21) Pause Initial Mark (G1 Evacuation Pause) 1024M->1024M(1024M) 18.065ms
[30.797s][info][gc] GC(22) Concurrent Cycle
[31.156s][info][gc] GC(23) Pause Full (Allocation Failure) 1024M->938M(1024M) 358.144ms
[31.156s][info][gc] GC(22) Concurrent Cycle 358.786ms
[32.798s][info][gc] GC(24) To-space exhausted
[32.798s][info][gc] GC(24) Pause Young (G1 Evacuation Pause) 989M->1019M(1024M) 21.156ms
[32.816s][info][gc] GC(25) To-space exhausted
[32.816s][info][gc] GC(25) Pause Initial Mark (G1 Evacuation Pause) 1019M->1019M(1024M) 18.093ms
[32.816s][info][gc] GC(26) Concurrent Cycle
[33.132s][info][gc] GC(27) Pause Full (Allocation Failure) 1019M->989M(1024M) 315.563ms
[33.133s][info][gc] GC(26) Concurrent Cycle 316.292ms
[34.142s][info][gc] GC(28) To-space exhausted
[34.143s][info][gc] GC(28) Pause Young (G1 Evacuation Pause) 1020M->1020M(1024M) 15.649ms
[34.157s][info][gc] GC(29) Pause Initial Mark (G1 Evacuation Pause) 1020M->1020M(1024M) 13.967ms
[34.157s][info][gc] GC(30) Concurrent Cycle
[34.454s][info][gc] GC(31) Pause Full (Allocation Failure) 1020M->1020M(1024M) 296.372ms
[34.454s][info][gc] GC(30) Concurrent Cycle 297.045ms
[34.525s][info][gc] GC(32) To-space exhausted
[34.525s][info][gc] GC(32) Pause Young (G1 Evacuation Pause) 1022M->1022M(1024M) 3.567ms
[34.528s][info][gc] GC(33) Pause Initial Mark (G1 Evacuation Pause) 1022M->1022M(1024M) 2.741ms
[34.528s][info][gc] GC(34) Concurrent Cycle
[34.826s][info][gc] GC(35) Pause Full (Allocation Failure) 1022M->1022M(1024M) 298.240ms
[34.827s][info][gc] GC(34) Concurrent Cycle 298.971ms
[34.864s][info][gc] GC(36) To-space exhausted
[34.864s][info][gc] GC(36) Pause Young (G1 Evacuation Pause) 1023M->1023M(1024M) 1.883ms
[34.865s][info][gc] GC(37) Pause Initial Mark (G1 Evacuation Pause) 1023M->1023M(1024M) 1.323ms
[34.865s][info][gc] GC(38) Concurrent Cycle
[35.169s][info][gc] GC(39) Pause Full (Allocation Failure) 1023M->1023M(1024M) 303.852ms
[35.477s][info][gc] GC(40) Pause Full (Allocation Failure) 1023M->1023M(1024M) 306.983ms
[35.478s][info][gc] GC(38) Concurrent Cycle 612.140ms
[35.478s][info][gc] GC(41) Pause Young (G1 Evacuation Pause) 1023M->1023M(1024M) 0.727ms
[35.479s][info][gc] GC(42) Pause Initial Mark (G1 Evacuation Pause) 1023M->1023M(1024M) 0.258ms
[35.479s][info][gc] GC(43) Concurrent Cycle
[35.776s][info][gc] GC(44) Pause Full (Allocation Failure) 1023M->1023M(1024M) 296.988ms
[36.081s][info][gc] GC(45) Pause Full (Allocation Failure) 1023M->1023M(1024M) 304.251ms
[36.081s][info][gc] GC(43) Concurrent Cycle 602.379ms
[36.082s][info][gc] GC(46) Pause Young (G1 Evacuation Pause) 1023M->1023M(1024M) 0.723ms
[36.082s][info][gc] GC(47) Pause Initial Mark (G1 Evacuation Pause) 1023M->1023M(1024M) 0.408ms
[36.082s][info][gc] GC(48) Concurrent Cycle
[36.372s][info][gc] GC(49) Pause Full (Allocation Failure) 1023M->1023M(1024M) 289.776ms
[36.668s][info][gc] GC(50) Pause Full (Allocation Failure) 1023M->1023M(1024M) 295.180ms
[36.668s][info][gc] GC(48) Concurrent Cycle 586.007ms
[36.669s][info][gc] GC(51) Pause Young (G1 Evacuation Pause) 1023M->1023M(1024M) 0.521ms
[36.669s][info][gc] GC(52) Pause Initial Mark (G1 Evacuation Pause) 1023M->1023M(1024M) 0.289ms
[36.669s][info][gc] GC(53) Concurrent Cycle
[36.676s][info][gc] GC(54) Pause Full (Allocation Failure) 1023M->1M(1024M) 6.648ms
[36.677s][info][gc] GC(53) Concurrent Cycle 7.071ms
