[0.017s][info][gc,heap] Heap region size: 1M
[0.050s][info][gc     ] Using G1
[0.050s][info][gc,heap,coops] Heap address: 0x00000000c0000000, size: 1024 MB, Compressed Oops mode: 32-bit
[1.742s][info][gc,start     ] GC(0) Pause Young (G1 Evacuation Pause)
[1.742s][info][gc,task      ] GC(0) Using 8 workers of 8 for evacuation
[1.772s][info][gc,phases    ] GC(0)   Pre Evacuate Collection Set: 0.0ms
[1.772s][info][gc,phases    ] GC(0)   Evacuate Collection Set: 28.1ms
[1.772s][info][gc,phases    ] GC(0)   Post Evacuate Collection Set: 0.4ms
[1.772s][info][gc,phases    ] GC(0)   Other: 0.8ms
[1.772s][info][gc,heap      ] GC(0) Eden regions: 51->0(44)
[1.772s][info][gc,heap      ] GC(0) Survivor regions: 0->7(7)
[1.772s][info][gc,heap      ] GC(0) Old regions: 0->40
[1.772s][info][gc,heap      ] GC(0) Humongous regions: 1->1
[1.772s][info][gc,metaspace ] GC(0) Metaspace: 7480K->7480K(1056768K)
[1.772s][info][gc           ] GC(0) Pause Young (G1 Evacuation Pause) 52M->47M(1024M) 29.934ms
[1.772s][info][gc,cpu       ] GC(0) User=0.08s Sys=0.13s Real=0.03s
[3.242s][info][gc,start     ] GC(1) Pause Young (G1 Evacuation Pause)
[3.242s][info][gc,task      ] GC(1) Using 8 workers of 8 for evacuation
[3.259s][info][gc,phases    ] GC(1)   Pre Evacuate Collection Set: 0.0ms
[3.260s][info][gc,phases    ] GC(1)   Evacuate Collection Set: 16.7ms
[3.260s][info][gc,phases    ] GC(1)   Post Evacuate Collection Set: 0.4ms
[3.260s][info][gc,phases    ] GC(1)   Other: 0.2ms
[3.260s][info][gc,heap      ] GC(1) Eden regions: 44->0(44)
[3.260s][info][gc,heap      ] GC(1) Survivor regions: 7->7(7)
[3.260s][info][gc,heap      ] GC(1) Old regions: 40->85
[3.260s][info][gc,heap      ] GC(1) Humongous regions: 3->3
[3.260s][info][gc,metaspace ] GC(1) Metaspace: 7488K->7488K(1056768K)
[3.260s][info][gc           ] GC(1) Pause Young (G1 Evacuation Pause) 93M->94M(1024M) 17.659ms
[3.260s][info][gc,cpu       ] GC(1) User=0.08s Sys=0.05s Real=0.02s
[4.726s][info][gc,start     ] GC(2) Pause Young (G1 Evacuation Pause)
[4.726s][info][gc,task      ] GC(2) Using 8 workers of 8 for evacuation
[4.743s][info][gc,phases    ] GC(2)   Pre Evacuate Collection Set: 0.0ms
[4.743s][info][gc,phases    ] GC(2)   Evacuate Collection Set: 16.5ms
[4.743s][info][gc,phases    ] GC(2)   Post Evacuate Collection Set: 0.4ms
[4.743s][info][gc,phases    ] GC(2)   Other: 0.2ms
[4.743s][info][gc,heap      ] GC(2) Eden regions: 44->0(44)
[4.743s][info][gc,heap      ] GC(2) Survivor regions: 7->7(7)
[4.743s][info][gc,heap      ] GC(2) Old regions: 85->130
[4.743s][info][gc,heap      ] GC(2) Humongous regions: 6->6
[4.743s][info][gc,metaspace ] GC(2) Metaspace: 7494K->7494K(1056768K)
[4.743s][info][gc           ] GC(2) Pause Young (G1 Evacuation Pause) 141M->142M(1024M) 17.276ms
[4.743s][info][gc,cpu       ] GC(2) User=0.13s Sys=0.00s Real=0.02s
[6.200s][info][gc,start     ] GC(3) Pause Young (G1 Evacuation Pause)
[6.200s][info][gc,task      ] GC(3) Using 8 workers of 8 for evacuation
[6.219s][info][gc,phases    ] GC(3)   Pre Evacuate Collection Set: 0.0ms
[6.219s][info][gc,phases    ] GC(3)   Evacuate Collection Set: 17.6ms
[6.219s][info][gc,phases    ] GC(3)   Post Evacuate Collection Set: 0.5ms
[6.219s][info][gc,phases    ] GC(3)   Other: 0.2ms
[6.219s][info][gc,heap      ] GC(3) Eden regions: 44->0(44)
[6.219s][info][gc,heap      ] GC(3) Survivor regions: 7->7(7)
[6.219s][info][gc,heap      ] GC(3) Old regions: 130->175
[6.219s][info][gc,heap      ] GC(3) Humongous regions: 6->6
[6.219s][info][gc,metaspace ] GC(3) Metaspace: 7497K->7497K(1056768K)
[6.219s][info][gc           ] GC(3) Pause Young (G1 Evacuation Pause) 186M->187M(1024M) 18.461ms
[6.219s][info][gc,cpu       ] GC(3) User=0.08s Sys=0.05s Real=0.02s
[7.683s][info][gc,start     ] GC(4) Pause Young (G1 Evacuation Pause)
[7.683s][info][gc,task      ] GC(4) Using 8 workers of 8 for evacuation
[7.701s][info][gc,phases    ] GC(4)   Pre Evacuate Collection Set: 0.0ms
[7.701s][info][gc,phases    ] GC(4)   Evacuate Collection Set: 16.9ms
[7.701s][info][gc,phases    ] GC(4)   Post Evacuate Collection Set: 0.4ms
[7.701s][info][gc,phases    ] GC(4)   Other: 0.2ms
[7.701s][info][gc,heap      ] GC(4) Eden regions: 44->0(44)
[7.701s][info][gc,heap      ] GC(4) Survivor regions: 7->7(7)
[7.701s][info][gc,heap      ] GC(4) Old regions: 175->221
[7.701s][info][gc,heap      ] GC(4) Humongous regions: 11->11
[7.701s][info][gc,metaspace ] GC(4) Metaspace: 7505K->7505K(1056768K)
[7.701s][info][gc           ] GC(4) Pause Young (G1 Evacuation Pause) 236M->238M(1024M) 17.742ms
[7.701s][info][gc,cpu       ] GC(4) User=0.08s Sys=0.05s Real=0.02s
[9.136s][info][gc,start     ] GC(5) Pause Young (G1 Evacuation Pause)
[9.136s][info][gc,task      ] GC(5) Using 8 workers of 8 for evacuation
[9.153s][info][gc,phases    ] GC(5)   Pre Evacuate Collection Set: 0.0ms
[9.153s][info][gc,phases    ] GC(5)   Evacuate Collection Set: 16.2ms
[9.153s][info][gc,phases    ] GC(5)   Post Evacuate Collection Set: 0.5ms
[9.153s][info][gc,phases    ] GC(5)   Other: 0.2ms
[9.153s][info][gc,heap      ] GC(5) Eden regions: 44->0(44)
[9.153s][info][gc,heap      ] GC(5) Survivor regions: 7->7(7)
[9.153s][info][gc,heap      ] GC(5) Old regions: 221->267
[9.153s][info][gc,heap      ] GC(5) Humongous regions: 11->11
[9.153s][info][gc,metaspace ] GC(5) Metaspace: 7510K->7510K(1056768K)
[9.153s][info][gc           ] GC(5) Pause Young (G1 Evacuation Pause) 282M->284M(1024M) 17.099ms
[9.153s][info][gc,cpu       ] GC(5) User=0.08s Sys=0.05s Real=0.02s
[10.567s][info][gc,start     ] GC(6) Pause Young (G1 Evacuation Pause)
[10.567s][info][gc,task      ] GC(6) Using 8 workers of 8 for evacuation
[10.584s][info][gc,phases    ] GC(6)   Pre Evacuate Collection Set: 0.0ms
[10.584s][info][gc,phases    ] GC(6)   Evacuate Collection Set: 16.6ms
[10.584s][info][gc,phases    ] GC(6)   Post Evacuate Collection Set: 0.5ms
[10.584s][info][gc,phases    ] GC(6)   Other: 0.2ms
[10.584s][info][gc,heap      ] GC(6) Eden regions: 44->0(53)
[10.584s][info][gc,heap      ] GC(6) Survivor regions: 7->7(7)
[10.584s][info][gc,heap      ] GC(6) Old regions: 267->312
[10.584s][info][gc,heap      ] GC(6) Humongous regions: 11->11
[10.584s][info][gc,metaspace ] GC(6) Metaspace: 7513K->7513K(1056768K)
[10.584s][info][gc           ] GC(6) Pause Young (G1 Evacuation Pause) 328M->330M(1024M) 17.506ms
[10.585s][info][gc,cpu       ] GC(6) User=0.09s Sys=0.03s Real=0.02s
[12.293s][info][gc,start     ] GC(7) Pause Young (G1 Evacuation Pause)
[12.293s][info][gc,task      ] GC(7) Using 8 workers of 8 for evacuation
[12.313s][info][gc,phases    ] GC(7)   Pre Evacuate Collection Set: 0.0ms
[12.314s][info][gc,phases    ] GC(7)   Evacuate Collection Set: 20.1ms
[12.314s][info][gc,phases    ] GC(7)   Post Evacuate Collection Set: 0.5ms
[12.314s][info][gc,phases    ] GC(7)   Other: 0.2ms
[12.314s][info][gc,heap      ] GC(7) Eden regions: 53->0(76)
[12.314s][info][gc,heap      ] GC(7) Survivor regions: 7->8(8)
[12.314s][info][gc,heap      ] GC(7) Old regions: 312->366
[12.314s][info][gc,heap      ] GC(7) Humongous regions: 11->11
[12.314s][info][gc,metaspace ] GC(7) Metaspace: 7515K->7515K(1056768K)
[12.314s][info][gc           ] GC(7) Pause Young (G1 Evacuation Pause) 383M->385M(1024M) 21.005ms
[12.314s][info][gc,cpu       ] GC(7) User=0.09s Sys=0.03s Real=0.02s
[14.317s][info][gc,start     ] GC(8) Pause Young (G1 Evacuation Pause)
[14.317s][info][gc,task      ] GC(8) Using 8 workers of 8 for evacuation
[14.342s][info][gc,phases    ] GC(8)   Pre Evacuate Collection Set: 0.0ms
[14.343s][info][gc,phases    ] GC(8)   Evacuate Collection Set: 24.3ms
[14.343s][info][gc,phases    ] GC(8)   Post Evacuate Collection Set: 0.7ms
[14.343s][info][gc,phases    ] GC(8)   Other: 0.2ms
[14.343s][info][gc,heap      ] GC(8) Eden regions: 63->0(99)
[14.343s][info][gc,heap      ] GC(8) Survivor regions: 8->9(9)
[14.343s][info][gc,heap      ] GC(8) Old regions: 366->430
[14.343s][info][gc,heap      ] GC(8) Humongous regions: 11->11
[14.343s][info][gc,metaspace ] GC(8) Metaspace: 7524K->7524K(1056768K)
[14.343s][info][gc           ] GC(8) Pause Young (G1 Evacuation Pause) 448M->449M(1024M) 25.403ms
[14.343s][info][gc,cpu       ] GC(8) User=0.06s Sys=0.06s Real=0.03s
[16.641s][info][gc,start     ] GC(9) Pause Young (G1 Evacuation Pause)
[16.641s][info][gc,task      ] GC(9) Using 8 workers of 8 for evacuation
[16.670s][info][gc,phases    ] GC(9)   Pre Evacuate Collection Set: 0.0ms
[16.670s][info][gc,phases    ] GC(9)   Evacuate Collection Set: 28.0ms
[16.670s][info][gc,phases    ] GC(9)   Post Evacuate Collection Set: 0.6ms
[16.670s][info][gc,phases    ] GC(9)   Other: 0.2ms
[16.670s][info][gc,heap      ] GC(9) Eden regions: 70->0(121)
[16.670s][info][gc,heap      ] GC(9) Survivor regions: 9->10(10)
[16.670s][info][gc,heap      ] GC(9) Old regions: 430->501
[16.670s][info][gc,heap      ] GC(9) Humongous regions: 20->20
[16.670s][info][gc,metaspace ] GC(9) Metaspace: 7524K->7524K(1056768K)
[16.670s][info][gc           ] GC(9) Pause Young (G1 Evacuation Pause) 528M->531M(1024M) 29.027ms
[16.670s][info][gc,cpu       ] GC(9) User=0.25s Sys=0.00s Real=0.03s
[19.779s][info][gc,start     ] GC(10) Pause Initial Mark (G1 Evacuation Pause)
[19.779s][info][gc,task      ] GC(10) Using 8 workers of 8 for evacuation
[19.815s][info][gc,phases    ] GC(10)   Pre Evacuate Collection Set: 0.0ms
[19.815s][info][gc,phases    ] GC(10)   Evacuate Collection Set: 35.4ms
[19.815s][info][gc,phases    ] GC(10)   Post Evacuate Collection Set: 0.7ms
[19.815s][info][gc,phases    ] GC(10)   Other: 0.3ms
[19.815s][info][gc,heap      ] GC(10) Eden regions: 98->0(90)
[19.815s][info][gc,heap      ] GC(10) Survivor regions: 10->14(14)
[19.815s][info][gc,heap      ] GC(10) Old regions: 501->597
[19.815s][info][gc,heap      ] GC(10) Humongous regions: 20->20
[19.815s][info][gc,metaspace ] GC(10) Metaspace: 7545K->7545K(1056768K)
[19.815s][info][gc           ] GC(10) Pause Initial Mark (G1 Evacuation Pause) 629M->631M(1024M) 36.615ms
[19.815s][info][gc,cpu       ] GC(10) User=0.23s Sys=0.02s Real=0.04s
[19.815s][info][gc           ] GC(11) Concurrent Cycle
[19.815s][info][gc,marking   ] GC(11) Concurrent Clear Claimed Marks
[19.815s][info][gc,marking   ] GC(11) Concurrent Clear Claimed Marks 0.028ms
[19.815s][info][gc,marking   ] GC(11) Concurrent Scan Root Regions
[19.817s][info][gc,marking   ] GC(11) Concurrent Scan Root Regions 1.634ms
[19.817s][info][gc,marking   ] GC(11) Concurrent Mark (19.817s)
[19.817s][info][gc,marking   ] GC(11) Concurrent Mark From Roots
[19.817s][info][gc,task      ] GC(11) Using 2 workers of 2 for marking
[19.937s][info][gc,marking   ] GC(11) Concurrent Mark From Roots 119.613ms
[19.937s][info][gc,marking   ] GC(11) Concurrent Mark (19.817s, 19.937s) 119.731ms
[19.937s][info][gc,start     ] GC(11) Pause Remark
[19.938s][info][gc,stringtable] GC(11) Cleaned string and symbol table, strings: 5449 processed, 2 removed, symbols: 31550 processed, 4 removed
[19.938s][info][gc            ] GC(11) Pause Remark 634M->634M(1024M) 0.974ms
[19.938s][info][gc,cpu        ] GC(11) User=0.00s Sys=0.00s Real=0.00s
[19.938s][info][gc,marking    ] GC(11) Concurrent Create Live Data
[19.991s][info][gc,marking    ] GC(11) Concurrent Create Live Data 52.546ms
[19.991s][info][gc,start      ] GC(11) Pause Cleanup
[19.992s][info][gc            ] GC(11) Pause Cleanup 636M->625M(1024M) 1.575ms
[19.992s][info][gc,cpu        ] GC(11) User=0.00s Sys=0.00s Real=0.00s
[19.992s][info][gc,marking    ] GC(11) Concurrent Complete Cleanup
[19.992s][info][gc,marking    ] GC(11) Concurrent Complete Cleanup 0.040ms
[19.992s][info][gc,marking    ] GC(11) Concurrent Cleanup for Next Mark
[19.993s][info][gc,marking    ] GC(11) Concurrent Cleanup for Next Mark 0.772ms
[19.993s][info][gc            ] GC(11) Concurrent Cycle 178.044ms
[22.705s][info][gc,start      ] GC(12) Pause Young (G1 Evacuation Pause)
[22.705s][info][gc,task       ] GC(12) Using 8 workers of 8 for evacuation
[22.742s][info][gc,phases     ] GC(12)   Pre Evacuate Collection Set: 0.0ms
[22.742s][info][gc,phases     ] GC(12)   Evacuate Collection Set: 35.9ms
[22.742s][info][gc,phases     ] GC(12)   Post Evacuate Collection Set: 0.7ms
[22.742s][info][gc,phases     ] GC(12)   Other: 0.2ms
[22.742s][info][gc,heap       ] GC(12) Eden regions: 90->0(65)
[22.742s][info][gc,heap       ] GC(12) Survivor regions: 14->13(13)
[22.742s][info][gc,heap       ] GC(12) Old regions: 597->690
[22.742s][info][gc,heap       ] GC(12) Humongous regions: 9->9
[22.742s][info][gc,metaspace  ] GC(12) Metaspace: 7545K->7545K(1056768K)
[22.742s][info][gc            ] GC(12) Pause Young (G1 Evacuation Pause) 710M->711M(1024M) 37.001ms
[22.742s][info][gc,cpu        ] GC(12) User=0.31s Sys=0.06s Real=0.04s
[24.809s][info][gc,start      ] GC(13) Pause Initial Mark (G1 Evacuation Pause)
[24.809s][info][gc,task       ] GC(13) Using 8 workers of 8 for evacuation
[24.839s][info][gc,phases     ] GC(13)   Pre Evacuate Collection Set: 0.0ms
[24.839s][info][gc,phases     ] GC(13)   Evacuate Collection Set: 28.8ms
[24.839s][info][gc,phases     ] GC(13)   Post Evacuate Collection Set: 0.7ms
[24.839s][info][gc,phases     ] GC(13)   Other: 0.2ms
[24.839s][info][gc,heap       ] GC(13) Eden regions: 65->0(44)
[24.839s][info][gc,heap       ] GC(13) Survivor regions: 13->10(10)
[24.839s][info][gc,heap       ] GC(13) Old regions: 690->759
[24.839s][info][gc,heap       ] GC(13) Humongous regions: 9->9
[24.839s][info][gc,metaspace  ] GC(13) Metaspace: 7545K->7545K(1056768K)
[24.839s][info][gc            ] GC(13) Pause Initial Mark (G1 Evacuation Pause) 776M->778M(1024M) 29.875ms
[24.839s][info][gc,cpu        ] GC(13) User=0.17s Sys=0.08s Real=0.03s
[24.839s][info][gc            ] GC(14) Concurrent Cycle
[24.839s][info][gc,marking    ] GC(14) Concurrent Clear Claimed Marks
[24.839s][info][gc,marking    ] GC(14) Concurrent Clear Claimed Marks 0.062ms
[24.839s][info][gc,marking    ] GC(14) Concurrent Scan Root Regions
[24.841s][info][gc,marking    ] GC(14) Concurrent Scan Root Regions 1.338ms
[24.841s][info][gc,marking    ] GC(14) Concurrent Mark (24.841s)
[24.841s][info][gc,marking    ] GC(14) Concurrent Mark From Roots
[24.841s][info][gc,task       ] GC(14) Using 2 workers of 2 for marking
[24.981s][info][gc,marking    ] GC(14) Concurrent Mark From Roots 140.453ms
[24.981s][info][gc,marking    ] GC(14) Concurrent Mark (24.841s, 24.981s) 140.522ms
[24.981s][info][gc,start      ] GC(14) Pause Remark
[24.982s][info][gc,stringtable] GC(14) Cleaned string and symbol table, strings: 5447 processed, 0 removed, symbols: 31546 processed, 0 removed
[24.982s][info][gc            ] GC(14) Pause Remark 782M->782M(1024M) 1.024ms
[24.982s][info][gc,cpu        ] GC(14) User=0.00s Sys=0.00s Real=0.00s
[24.982s][info][gc,marking    ] GC(14) Concurrent Create Live Data
[25.053s][info][gc,marking    ] GC(14) Concurrent Create Live Data 70.959ms
[25.053s][info][gc,start      ] GC(14) Pause Cleanup
[25.056s][info][gc            ] GC(14) Pause Cleanup 784M->784M(1024M) 2.056ms
[25.056s][info][gc,cpu        ] GC(14) User=0.00s Sys=0.00s Real=0.00s
[25.056s][info][gc,marking    ] GC(14) Concurrent Cleanup for Next Mark
[25.057s][info][gc,marking    ] GC(14) Concurrent Cleanup for Next Mark 0.879ms
[25.057s][info][gc            ] GC(14) Concurrent Cycle 217.510ms
[26.287s][info][gc,start      ] GC(15) Pause Young (G1 Evacuation Pause)
[26.287s][info][gc,task       ] GC(15) Using 8 workers of 8 for evacuation
[26.308s][info][gc,phases     ] GC(15)   Pre Evacuate Collection Set: 0.0ms
[26.309s][info][gc,phases     ] GC(15)   Evacuate Collection Set: 20.4ms
[26.309s][info][gc,phases     ] GC(15)   Post Evacuate Collection Set: 0.7ms
[26.309s][info][gc,phases     ] GC(15)   Other: 0.2ms
[26.309s][info][gc,heap       ] GC(15) Eden regions: 44->0(44)
[26.309s][info][gc,heap       ] GC(15) Survivor regions: 10->7(7)
[26.309s][info][gc,heap       ] GC(15) Old regions: 759->808
[26.309s][info][gc,heap       ] GC(15) Humongous regions: 9->9
[26.309s][info][gc,metaspace  ] GC(15) Metaspace: 7566K->7566K(1056768K)
[26.309s][info][gc            ] GC(15) Pause Young (G1 Evacuation Pause) 822M->824M(1024M) 21.469ms
[26.309s][info][gc,cpu        ] GC(15) User=0.13s Sys=0.00s Real=0.02s
[27.717s][info][gc,start      ] GC(16) Pause Initial Mark (G1 Evacuation Pause)
[27.717s][info][gc,task       ] GC(16) Using 8 workers of 8 for evacuation
[27.738s][info][gc,phases     ] GC(16)   Pre Evacuate Collection Set: 0.0ms
[27.738s][info][gc,phases     ] GC(16)   Evacuate Collection Set: 20.2ms
[27.738s][info][gc,phases     ] GC(16)   Post Evacuate Collection Set: 0.8ms
[27.738s][info][gc,phases     ] GC(16)   Other: 0.2ms
[27.738s][info][gc,heap       ] GC(16) Eden regions: 44->0(44)
[27.738s][info][gc,heap       ] GC(16) Survivor regions: 7->7(7)
[27.739s][info][gc,heap       ] GC(16) Old regions: 808->854
[27.739s][info][gc,heap       ] GC(16) Humongous regions: 9->9
[27.739s][info][gc,metaspace  ] GC(16) Metaspace: 7573K->7573K(1056768K)
[27.739s][info][gc            ] GC(16) Pause Initial Mark (G1 Evacuation Pause) 868M->869M(1024M) 21.371ms
[27.739s][info][gc,cpu        ] GC(16) User=0.13s Sys=0.00s Real=0.02s
[27.739s][info][gc            ] GC(17) Concurrent Cycle
[27.739s][info][gc,marking    ] GC(17) Concurrent Clear Claimed Marks
[27.739s][info][gc,marking    ] GC(17) Concurrent Clear Claimed Marks 0.028ms
[27.739s][info][gc,marking    ] GC(17) Concurrent Scan Root Regions
[27.740s][info][gc,marking    ] GC(17) Concurrent Scan Root Regions 1.177ms
[27.740s][info][gc,marking    ] GC(17) Concurrent Mark (27.740s)
[27.740s][info][gc,marking    ] GC(17) Concurrent Mark From Roots
[27.740s][info][gc,task       ] GC(17) Using 2 workers of 2 for marking
[27.903s][info][gc,marking    ] GC(17) Concurrent Mark From Roots 163.244ms
[27.903s][info][gc,marking    ] GC(17) Concurrent Mark (27.740s, 27.903s) 163.321ms
[27.903s][info][gc,start      ] GC(17) Pause Remark
[27.904s][info][gc,stringtable] GC(17) Cleaned string and symbol table, strings: 5470 processed, 0 removed, symbols: 31546 processed, 0 removed
[27.904s][info][gc            ] GC(17) Pause Remark 874M->874M(1024M) 0.909ms
[27.904s][info][gc,cpu        ] GC(17) User=0.00s Sys=0.00s Real=0.00s
[27.904s][info][gc,marking    ] GC(17) Concurrent Create Live Data
[27.982s][info][gc,marking    ] GC(17) Concurrent Create Live Data 77.495ms
[27.982s][info][gc,start      ] GC(17) Pause Cleanup
[27.986s][info][gc            ] GC(17) Pause Cleanup 876M->876M(1024M) 3.528ms
[27.986s][info][gc,cpu        ] GC(17) User=0.00s Sys=0.00s Real=0.00s
[27.986s][info][gc,marking    ] GC(17) Concurrent Cleanup for Next Mark
[27.987s][info][gc,marking    ] GC(17) Concurrent Cleanup for Next Mark 1.096ms
[27.987s][info][gc            ] GC(17) Concurrent Cycle 248.247ms
[29.168s][info][gc,start      ] GC(18) Pause Young (G1 Evacuation Pause)
[29.168s][info][gc,task       ] GC(18) Using 8 workers of 8 for evacuation
[29.190s][info][gc,phases     ] GC(18)   Pre Evacuate Collection Set: 0.0ms
[29.190s][info][gc,phases     ] GC(18)   Evacuate Collection Set: 21.0ms
[29.190s][info][gc,phases     ] GC(18)   Post Evacuate Collection Set: 0.6ms
[29.190s][info][gc,phases     ] GC(18)   Other: 0.2ms
[29.190s][info][gc,heap       ] GC(18) Eden regions: 44->0(44)
[29.190s][info][gc,heap       ] GC(18) Survivor regions: 7->7(7)
[29.190s][info][gc,heap       ] GC(18) Old regions: 854->900
[29.190s][info][gc,heap       ] GC(18) Humongous regions: 9->9
[29.190s][info][gc,metaspace  ] GC(18) Metaspace: 7573K->7573K(1056768K)
[29.190s][info][gc            ] GC(18) Pause Young (G1 Evacuation Pause) 913M->916M(1024M) 22.023ms
[29.190s][info][gc,cpu        ] GC(18) User=0.11s Sys=0.02s Real=0.02s
[29.215s][info][gc,start      ] GC(19) Pause Initial Mark (G1 Humongous Allocation)
[29.215s][info][gc,task       ] GC(19) Using 8 workers of 8 for evacuation
[29.220s][info][gc,phases     ] GC(19)   Pre Evacuate Collection Set: 0.0ms
[29.220s][info][gc,phases     ] GC(19)   Evacuate Collection Set: 4.1ms
[29.220s][info][gc,phases     ] GC(19)   Post Evacuate Collection Set: 0.4ms
[29.220s][info][gc,phases     ] GC(19)   Other: 0.2ms
[29.220s][info][gc,heap       ] GC(19) Eden regions: 1->0(49)
[29.220s][info][gc,heap       ] GC(19) Survivor regions: 7->2(7)
[29.220s][info][gc,heap       ] GC(19) Old regions: 900->909
[29.220s][info][gc,heap       ] GC(19) Humongous regions: 9->9
[29.220s][info][gc,metaspace  ] GC(19) Metaspace: 7573K->7573K(1056768K)
[29.220s][info][gc            ] GC(19) Pause Initial Mark (G1 Humongous Allocation) 917M->919M(1024M) 4.914ms
[29.220s][info][gc,cpu        ] GC(19) User=0.00s Sys=0.00s Real=0.00s
[29.220s][info][gc            ] GC(20) Concurrent Cycle
[29.220s][info][gc,marking    ] GC(20) Concurrent Clear Claimed Marks
[29.220s][info][gc,marking    ] GC(20) Concurrent Clear Claimed Marks 0.019ms
[29.220s][info][gc,marking    ] GC(20) Concurrent Scan Root Regions
[29.221s][info][gc,marking    ] GC(20) Concurrent Scan Root Regions 0.244ms
[29.221s][info][gc,marking    ] GC(20) Concurrent Mark (29.221s)
[29.221s][info][gc,marking    ] GC(20) Concurrent Mark From Roots
[29.221s][info][gc,task       ] GC(20) Using 2 workers of 2 for marking
[29.468s][info][gc,marking    ] GC(20) Concurrent Mark From Roots 247.717ms
[29.468s][info][gc,marking    ] GC(20) Concurrent Mark (29.221s, 29.468s) 247.780ms
[29.468s][info][gc,start      ] GC(20) Pause Remark
[29.469s][info][gc,stringtable] GC(20) Cleaned string and symbol table, strings: 5470 processed, 0 removed, symbols: 31546 processed, 0 removed
[29.470s][info][gc            ] GC(20) Pause Remark 938M->938M(1024M) 1.025ms
[29.470s][info][gc,cpu        ] GC(20) User=0.00s Sys=0.00s Real=0.00s
[29.470s][info][gc,marking    ] GC(20) Concurrent Create Live Data
[29.554s][info][gc,marking    ] GC(20) Concurrent Create Live Data 83.937ms
[29.554s][info][gc,start      ] GC(20) Pause Cleanup
[29.557s][info][gc            ] GC(20) Pause Cleanup 941M->941M(1024M) 3.472ms
[29.557s][info][gc,cpu        ] GC(20) User=0.00s Sys=0.00s Real=0.00s
[29.557s][info][gc,marking    ] GC(20) Concurrent Cleanup for Next Mark
[29.558s][info][gc,marking    ] GC(20) Concurrent Cleanup for Next Mark 0.698ms
[29.558s][info][gc            ] GC(20) Concurrent Cycle 337.709ms
[30.932s][info][gc,start      ] GC(21) Pause Young (G1 Evacuation Pause)
[30.932s][info][gc,task       ] GC(21) Using 8 workers of 8 for evacuation
[30.952s][info][gc            ] GC(21) To-space exhausted
[30.952s][info][gc,phases     ] GC(21)   Pre Evacuate Collection Set: 0.0ms
[30.952s][info][gc,phases     ] GC(21)   Evacuate Collection Set: 16.8ms
[30.952s][info][gc,phases     ] GC(21)   Post Evacuate Collection Set: 3.3ms
[30.953s][info][gc,phases     ] GC(21)   Other: 0.3ms
[30.953s][info][gc,heap       ] GC(21) Eden regions: 49->0(44)
[30.953s][info][gc,heap       ] GC(21) Survivor regions: 2->7(7)
[30.953s][info][gc,heap       ] GC(21) Old regions: 909->991
[30.953s][info][gc,heap       ] GC(21) Humongous regions: 26->26
[30.953s][info][gc,metaspace  ] GC(21) Metaspace: 7573K->7573K(1056768K)
[30.953s][info][gc            ] GC(21) Pause Young (G1 Evacuation Pause) 985M->1023M(1024M) 20.565ms
[30.953s][info][gc,cpu        ] GC(21) User=0.13s Sys=0.00s Real=0.02s
[30.953s][info][gc,start      ] GC(22) Pause Initial Mark (G1 Evacuation Pause)
[30.953s][info][gc,task       ] GC(22) Using 8 workers of 8 for evacuation
[30.971s][info][gc            ] GC(22) To-space exhausted
[30.971s][info][gc,phases     ] GC(22)   Pre Evacuate Collection Set: 0.0ms
[30.971s][info][gc,phases     ] GC(22)   Evacuate Collection Set: 16.3ms
[30.971s][info][gc,phases     ] GC(22)   Post Evacuate Collection Set: 1.3ms
[30.971s][info][gc,phases     ] GC(22)   Other: 0.2ms
[30.971s][info][gc,heap       ] GC(22) Eden regions: 0->0(51)
[30.971s][info][gc,heap       ] GC(22) Survivor regions: 7->0(7)
[30.971s][info][gc,heap       ] GC(22) Old regions: 991->998
[30.971s][info][gc,heap       ] GC(22) Humongous regions: 26->26
[30.971s][info][gc,metaspace  ] GC(22) Metaspace: 7573K->7573K(1056768K)
[30.971s][info][gc            ] GC(22) Pause Initial Mark (G1 Evacuation Pause) 1023M->1023M(1024M) 17.836ms
[30.971s][info][gc,cpu        ] GC(22) User=0.13s Sys=0.00s Real=0.02s
[30.971s][info][gc            ] GC(23) Concurrent Cycle
[30.971s][info][gc,marking    ] GC(23) Concurrent Clear Claimed Marks
[30.971s][info][gc,marking    ] GC(23) Concurrent Clear Claimed Marks 0.036ms
[30.971s][info][gc,marking    ] GC(23) Concurrent Scan Root Regions
[30.971s][info][gc,marking    ] GC(23) Concurrent Scan Root Regions 0.031ms
[30.971s][info][gc,marking    ] GC(23) Concurrent Mark (30.971s)
[30.971s][info][gc,marking    ] GC(23) Concurrent Mark From Roots
[30.971s][info][gc,task       ] GC(23) Using 2 workers of 2 for marking
[30.971s][info][gc,start      ] GC(24) Pause Full (Allocation Failure)
[30.972s][info][gc,phases,start] GC(24) Phase 1: Mark live objects
[31.120s][info][gc,stringtable ] GC(24) Cleaned string and symbol table, strings: 5470 processed, 65 removed, symbols: 31546 processed, 0 removed
[31.120s][info][gc,phases      ] GC(24) Phase 1: Mark live objects 147.784ms
[31.120s][info][gc,phases,start] GC(24) Phase 2: Prepare for compaction
[31.156s][info][gc,phases      ] GC(24) Phase 2: Prepare for compaction 36.090ms
[31.156s][info][gc,phases,start] GC(24) Phase 3: Adjust pointers and remembered sets
[31.239s][info][gc,phases      ] GC(24) Phase 3: Adjust pointers and remembered sets 82.556ms
[31.239s][info][gc,phases,start] GC(24) Phase 4: Compact heap
[31.330s][info][gc,phases      ] GC(24) Phase 4: Compact heap 90.834ms
[31.330s][info][gc,heap        ] GC(24) Eden regions: 0->0(51)
[31.330s][info][gc,heap        ] GC(24) Survivor regions: 0->0(7)
[31.330s][info][gc,heap        ] GC(24) Old regions: 998->932
[31.330s][info][gc,heap        ] GC(24) Humongous regions: 26->17
[31.330s][info][gc,metaspace   ] GC(24) Metaspace: 7573K->7570K(1056768K)
[31.330s][info][gc             ] GC(24) Pause Full (Allocation Failure) 1023M->943M(1024M) 358.788ms
[31.330s][info][gc,cpu         ] GC(24) User=2.63s Sys=0.08s Real=0.36s
[31.330s][info][gc,marking     ] GC(23) Concurrent Mark From Roots 359.292ms
[31.330s][info][gc,marking     ] GC(23) Concurrent Mark Abort
[31.330s][info][gc             ] GC(23) Concurrent Cycle 359.530ms
[32.960s][info][gc,start       ] GC(25) Pause Young (G1 Evacuation Pause)
[32.961s][info][gc,task        ] GC(25) Using 8 workers of 8 for evacuation
[32.982s][info][gc             ] GC(25) To-space exhausted
[32.982s][info][gc,phases      ] GC(25)   Pre Evacuate Collection Set: 0.0ms
[32.982s][info][gc,phases      ] GC(25)   Evacuate Collection Set: 17.1ms
[32.982s][info][gc,phases      ] GC(25)   Post Evacuate Collection Set: 4.1ms
[32.982s][info][gc,phases      ] GC(25)   Other: 0.5ms
[32.982s][info][gc,heap        ] GC(25) Eden regions: 51->0(44)
[32.982s][info][gc,heap        ] GC(25) Survivor regions: 0->7(7)
[32.982s][info][gc,heap        ] GC(25) Old regions: 932->1000
[32.982s][info][gc,heap        ] GC(25) Humongous regions: 17->17
[32.982s][info][gc,metaspace   ] GC(25) Metaspace: 7570K->7570K(1056768K)
[32.982s][info][gc             ] GC(25) Pause Young (G1 Evacuation Pause) 994M->1018M(1024M) 21.874ms
[32.982s][info][gc,cpu         ] GC(25) User=0.13s Sys=0.00s Real=0.02s
[32.983s][info][gc,start       ] GC(26) Pause Initial Mark (G1 Evacuation Pause)
[32.983s][info][gc,task        ] GC(26) Using 8 workers of 8 for evacuation
[33.001s][info][gc             ] GC(26) To-space exhausted
[33.001s][info][gc,phases      ] GC(26)   Pre Evacuate Collection Set: 0.0ms
[33.001s][info][gc,phases      ] GC(26)   Evacuate Collection Set: 17.1ms
[33.001s][info][gc,phases      ] GC(26)   Post Evacuate Collection Set: 1.2ms
[33.001s][info][gc,phases      ] GC(26)   Other: 0.3ms
[33.001s][info][gc,heap        ] GC(26) Eden regions: 0->0(51)
[33.001s][info][gc,heap        ] GC(26) Survivor regions: 7->0(7)
[33.001s][info][gc,heap        ] GC(26) Old regions: 1000->1007
[33.001s][info][gc,heap        ] GC(26) Humongous regions: 17->17
[33.001s][info][gc,metaspace   ] GC(26) Metaspace: 7570K->7570K(1056768K)
[33.001s][info][gc             ] GC(26) Pause Initial Mark (G1 Evacuation Pause) 1018M->1018M(1024M) 18.600ms
[33.001s][info][gc,cpu         ] GC(26) User=0.13s Sys=0.00s Real=0.02s
[33.001s][info][gc             ] GC(27) Concurrent Cycle
[33.001s][info][gc,marking     ] GC(27) Concurrent Clear Claimed Marks
[33.001s][info][gc,marking     ] GC(27) Concurrent Clear Claimed Marks 0.032ms
[33.001s][info][gc,marking     ] GC(27) Concurrent Scan Root Regions
[33.001s][info][gc,marking     ] GC(27) Concurrent Scan Root Regions 0.033ms
[33.001s][info][gc,marking     ] GC(27) Concurrent Mark (33.001s)
[33.001s][info][gc,marking     ] GC(27) Concurrent Mark From Roots
[33.001s][info][gc,task        ] GC(27) Using 2 workers of 2 for marking
[33.002s][info][gc,start       ] GC(28) Pause Full (Allocation Failure)
[33.003s][info][gc,phases,start] GC(28) Phase 1: Mark live objects
[33.157s][info][gc,stringtable ] GC(28) Cleaned string and symbol table, strings: 5406 processed, 0 removed, symbols: 31546 processed, 0 removed
[33.157s][info][gc,phases      ] GC(28) Phase 1: Mark live objects 154.773ms
[33.157s][info][gc,phases,start] GC(28) Phase 2: Prepare for compaction
[33.192s][info][gc,phases      ] GC(28) Phase 2: Prepare for compaction 35.155ms
[33.193s][info][gc,phases,start] GC(28) Phase 3: Adjust pointers and remembered sets
[33.271s][info][gc,phases      ] GC(28) Phase 3: Adjust pointers and remembered sets 78.076ms
[33.271s][info][gc,phases,start] GC(28) Phase 4: Compact heap
[33.314s][info][gc,phases      ] GC(28) Phase 4: Compact heap 42.853ms
[33.314s][info][gc,heap        ] GC(28) Eden regions: 0->0(51)
[33.314s][info][gc,heap        ] GC(28) Survivor regions: 0->0(7)
[33.314s][info][gc,heap        ] GC(28) Old regions: 1007->981
[33.314s][info][gc,heap        ] GC(28) Humongous regions: 17->17
[33.314s][info][gc,metaspace   ] GC(28) Metaspace: 7570K->7570K(1056768K)
[33.314s][info][gc             ] GC(28) Pause Full (Allocation Failure) 1018M->994M(1024M) 312.413ms
[33.314s][info][gc,cpu         ] GC(28) User=2.30s Sys=0.00s Real=0.31s
[33.314s][info][gc,marking     ] GC(27) Concurrent Mark From Roots 312.940ms
[33.314s][info][gc,marking     ] GC(27) Concurrent Mark Abort
[33.314s][info][gc             ] GC(27) Concurrent Cycle 313.178ms
[34.169s][info][gc,start       ] GC(29) Pause Young (G1 Evacuation Pause)
[34.169s][info][gc,task        ] GC(29) Using 8 workers of 8 for evacuation
[34.183s][info][gc             ] GC(29) To-space exhausted
[34.183s][info][gc,phases      ] GC(29)   Pre Evacuate Collection Set: 0.0ms
[34.183s][info][gc,phases      ] GC(29)   Evacuate Collection Set: 10.6ms
[34.183s][info][gc,phases      ] GC(29)   Post Evacuate Collection Set: 3.1ms
[34.183s][info][gc,phases      ] GC(29)   Other: 0.4ms
[34.183s][info][gc,heap        ] GC(29) Eden regions: 26->0(51)
[34.183s][info][gc,heap        ] GC(29) Survivor regions: 0->0(7)
[34.183s][info][gc,heap        ] GC(29) Old regions: 981->1007
[34.183s][info][gc,heap        ] GC(29) Humongous regions: 17->17
[34.183s][info][gc,metaspace   ] GC(29) Metaspace: 7570K->7570K(1056768K)
[34.183s][info][gc             ] GC(29) Pause Young (G1 Evacuation Pause) 1020M->1020M(1024M) 14.217ms
[34.183s][info][gc,cpu         ] GC(29) User=0.13s Sys=0.00s Real=0.01s
[34.183s][info][gc,start       ] GC(30) Pause Initial Mark (G1 Evacuation Pause)
[34.184s][info][gc,task        ] GC(30) Using 8 workers of 8 for evacuation
[34.196s][info][gc,phases      ] GC(30)   Pre Evacuate Collection Set: 0.0ms
[34.196s][info][gc,phases      ] GC(30)   Evacuate Collection Set: 12.0ms
[34.196s][info][gc,phases      ] GC(30)   Post Evacuate Collection Set: 0.4ms
[34.196s][info][gc,phases      ] GC(30)   Other: 0.1ms
[34.196s][info][gc,heap        ] GC(30) Eden regions: 0->0(51)
[34.196s][info][gc,heap        ] GC(30) Survivor regions: 0->0(7)
[34.196s][info][gc,heap        ] GC(30) Old regions: 1007->1007
[34.196s][info][gc,heap        ] GC(30) Humongous regions: 17->17
[34.196s][info][gc,metaspace   ] GC(30) Metaspace: 7570K->7570K(1056768K)
[34.196s][info][gc             ] GC(30) Pause Initial Mark (G1 Evacuation Pause) 1020M->1020M(1024M) 12.662ms
[34.196s][info][gc,cpu         ] GC(30) User=0.13s Sys=0.00s Real=0.01s
[34.196s][info][gc             ] GC(31) Concurrent Cycle
[34.196s][info][gc,marking     ] GC(31) Concurrent Clear Claimed Marks
[34.196s][info][gc,marking     ] GC(31) Concurrent Clear Claimed Marks 0.050ms
[34.196s][info][gc,marking     ] GC(31) Concurrent Scan Root Regions
[34.196s][info][gc,marking     ] GC(31) Concurrent Scan Root Regions 0.014ms
[34.196s][info][gc,marking     ] GC(31) Concurrent Mark (34.196s)
[34.196s][info][gc,marking     ] GC(31) Concurrent Mark From Roots
[34.196s][info][gc,task        ] GC(31) Using 2 workers of 2 for marking
[34.197s][info][gc,start       ] GC(32) Pause Full (Allocation Failure)
[34.198s][info][gc,phases,start] GC(32) Phase 1: Mark live objects
[34.355s][info][gc,stringtable ] GC(32) Cleaned string and symbol table, strings: 5406 processed, 1 removed, symbols: 31546 processed, 0 removed
[34.355s][info][gc,phases      ] GC(32) Phase 1: Mark live objects 157.285ms
[34.355s][info][gc,phases,start] GC(32) Phase 2: Prepare for compaction
[34.388s][info][gc,phases      ] GC(32) Phase 2: Prepare for compaction 33.577ms
[34.388s][info][gc,phases,start] GC(32) Phase 3: Adjust pointers and remembered sets
[34.462s][info][gc,phases      ] GC(32) Phase 3: Adjust pointers and remembered sets 73.601ms
[34.462s][info][gc,phases,start] GC(32) Phase 4: Compact heap
[34.494s][info][gc,phases      ] GC(32) Phase 4: Compact heap 31.865ms
[34.494s][info][gc,heap        ] GC(32) Eden regions: 0->0(51)
[34.494s][info][gc,heap        ] GC(32) Survivor regions: 0->0(7)
[34.495s][info][gc,heap        ] GC(32) Old regions: 1007->1005
[34.495s][info][gc,heap        ] GC(32) Humongous regions: 17->17
[34.495s][info][gc,metaspace   ] GC(32) Metaspace: 7570K->7570K(1056768K)
[34.495s][info][gc             ] GC(32) Pause Full (Allocation Failure) 1020M->1020M(1024M) 298.020ms
[34.495s][info][gc,cpu         ] GC(32) User=2.31s Sys=0.00s Real=0.30s
[34.495s][info][gc,marking     ] GC(31) Concurrent Mark From Roots 298.535ms
[34.495s][info][gc,marking     ] GC(31) Concurrent Mark Abort
[34.495s][info][gc             ] GC(31) Concurrent Cycle 298.760ms
[34.566s][info][gc,start       ] GC(33) Pause Young (G1 Evacuation Pause)
[34.566s][info][gc,task        ] GC(33) Using 8 workers of 8 for evacuation
[34.569s][info][gc             ] GC(33) To-space exhausted
[34.569s][info][gc,phases      ] GC(33)   Pre Evacuate Collection Set: 0.0ms
[34.569s][info][gc,phases      ] GC(33)   Evacuate Collection Set: 2.2ms
[34.569s][info][gc,phases      ] GC(33)   Post Evacuate Collection Set: 1.0ms
[34.569s][info][gc,phases      ] GC(33)   Other: 0.5ms
[34.569s][info][gc,heap        ] GC(33) Eden regions: 2->0(51)
[34.569s][info][gc,heap        ] GC(33) Survivor regions: 0->0(7)
[34.569s][info][gc,heap        ] GC(33) Old regions: 1005->1007
[34.569s][info][gc,heap        ] GC(33) Humongous regions: 17->17
[34.569s][info][gc,metaspace   ] GC(33) Metaspace: 7570K->7570K(1056768K)
[34.570s][info][gc             ] GC(33) Pause Young (G1 Evacuation Pause) 1022M->1022M(1024M) 3.904ms
[34.570s][info][gc,cpu         ] GC(33) User=0.13s Sys=0.00s Real=0.00s
[34.570s][info][gc,start       ] GC(34) Pause Initial Mark (G1 Evacuation Pause)
[34.570s][info][gc,task        ] GC(34) Using 8 workers of 8 for evacuation
[34.573s][info][gc,phases      ] GC(34)   Pre Evacuate Collection Set: 0.0ms
[34.573s][info][gc,phases      ] GC(34)   Evacuate Collection Set: 2.4ms
[34.573s][info][gc,phases      ] GC(34)   Post Evacuate Collection Set: 0.4ms
[34.573s][info][gc,phases      ] GC(34)   Other: 0.1ms
[34.573s][info][gc,heap        ] GC(34) Eden regions: 0->0(51)
[34.573s][info][gc,heap        ] GC(34) Survivor regions: 0->0(7)
[34.573s][info][gc,heap        ] GC(34) Old regions: 1007->1007
[34.573s][info][gc,heap        ] GC(34) Humongous regions: 17->17
[34.573s][info][gc,metaspace   ] GC(34) Metaspace: 7570K->7570K(1056768K)
[34.573s][info][gc             ] GC(34) Pause Initial Mark (G1 Evacuation Pause) 1022M->1022M(1024M) 3.078ms
[34.573s][info][gc,cpu         ] GC(34) User=0.00s Sys=0.00s Real=0.00s
[34.573s][info][gc             ] GC(35) Concurrent Cycle
[34.573s][info][gc,marking     ] GC(35) Concurrent Clear Claimed Marks
[34.573s][info][gc,marking     ] GC(35) Concurrent Clear Claimed Marks 0.023ms
[34.573s][info][gc,marking     ] GC(35) Concurrent Scan Root Regions
[34.573s][info][gc,marking     ] GC(35) Concurrent Scan Root Regions 0.019ms
[34.573s][info][gc,marking     ] GC(35) Concurrent Mark (34.573s)
[34.573s][info][gc,marking     ] GC(35) Concurrent Mark From Roots
[34.573s][info][gc,task        ] GC(35) Using 2 workers of 2 for marking
[34.573s][info][gc,start       ] GC(36) Pause Full (Allocation Failure)
[34.574s][info][gc,phases,start] GC(36) Phase 1: Mark live objects
[34.740s][info][gc,stringtable ] GC(36) Cleaned string and symbol table, strings: 5405 processed, 0 removed, symbols: 31546 processed, 0 removed
[34.740s][info][gc,phases      ] GC(36) Phase 1: Mark live objects 165.930ms
[34.740s][info][gc,phases,start] GC(36) Phase 2: Prepare for compaction
[34.774s][info][gc,phases      ] GC(36) Phase 2: Prepare for compaction 34.429ms
[34.774s][info][gc,phases,start] GC(36) Phase 3: Adjust pointers and remembered sets
[34.868s][info][gc,phases      ] GC(36) Phase 3: Adjust pointers and remembered sets 93.848ms
[34.868s][info][gc,phases,start] GC(36) Phase 4: Compact heap
[34.911s][info][gc,phases      ] GC(36) Phase 4: Compact heap 42.856ms
[34.912s][info][gc,heap        ] GC(36) Eden regions: 0->0(51)
[34.912s][info][gc,heap        ] GC(36) Survivor regions: 0->0(7)
[34.912s][info][gc,heap        ] GC(36) Old regions: 1007->1006
[34.912s][info][gc,heap        ] GC(36) Humongous regions: 17->17
[34.912s][info][gc,metaspace   ] GC(36) Metaspace: 7570K->7570K(1056768K)
[34.912s][info][gc             ] GC(36) Pause Full (Allocation Failure) 1022M->1022M(1024M) 338.479ms
[34.912s][info][gc,cpu         ] GC(36) User=2.23s Sys=0.00s Real=0.34s
[34.912s][info][gc,marking     ] GC(35) Concurrent Mark From Roots 338.912ms
[34.912s][info][gc,marking     ] GC(35) Concurrent Mark Abort
[34.912s][info][gc             ] GC(35) Concurrent Cycle 339.108ms
[34.947s][info][gc,start       ] GC(37) Pause Young (G1 Evacuation Pause)
[34.947s][info][gc,task        ] GC(37) Using 8 workers of 8 for evacuation
[34.949s][info][gc             ] GC(37) To-space exhausted
[34.949s][info][gc,phases      ] GC(37)   Pre Evacuate Collection Set: 0.0ms
[34.949s][info][gc,phases      ] GC(37)   Evacuate Collection Set: 1.4ms
[34.949s][info][gc,phases      ] GC(37)   Post Evacuate Collection Set: 0.5ms
[34.949s][info][gc,phases      ] GC(37)   Other: 0.4ms
[34.949s][info][gc,heap        ] GC(37) Eden regions: 1->0(51)
[34.949s][info][gc,heap        ] GC(37) Survivor regions: 0->0(7)
[34.949s][info][gc,heap        ] GC(37) Old regions: 1006->1007
[34.949s][info][gc,heap        ] GC(37) Humongous regions: 17->17
[34.949s][info][gc,metaspace   ] GC(37) Metaspace: 7570K->7570K(1056768K)
[34.949s][info][gc             ] GC(37) Pause Young (G1 Evacuation Pause) 1023M->1023M(1024M) 2.496ms
[34.949s][info][gc,cpu         ] GC(37) User=0.00s Sys=0.00s Real=0.00s
[34.950s][info][gc,start       ] GC(38) Pause Initial Mark (G1 Evacuation Pause)
[34.950s][info][gc,task        ] GC(38) Using 8 workers of 8 for evacuation
[34.951s][info][gc,phases      ] GC(38)   Pre Evacuate Collection Set: 0.0ms
[34.951s][info][gc,phases      ] GC(38)   Evacuate Collection Set: 1.3ms
[34.951s][info][gc,phases      ] GC(38)   Post Evacuate Collection Set: 0.1ms
[34.951s][info][gc,phases      ] GC(38)   Other: 0.1ms
[34.951s][info][gc,heap        ] GC(38) Eden regions: 0->0(51)
[34.951s][info][gc,heap        ] GC(38) Survivor regions: 0->0(7)
[34.951s][info][gc,heap        ] GC(38) Old regions: 1007->1007
[34.951s][info][gc,heap        ] GC(38) Humongous regions: 17->17
[34.951s][info][gc,metaspace   ] GC(38) Metaspace: 7570K->7570K(1056768K)
[34.951s][info][gc             ] GC(38) Pause Initial Mark (G1 Evacuation Pause) 1023M->1023M(1024M) 1.709ms
[34.951s][info][gc,cpu         ] GC(38) User=0.00s Sys=0.00s Real=0.00s
[34.951s][info][gc             ] GC(39) Concurrent Cycle
[34.951s][info][gc,marking     ] GC(39) Concurrent Clear Claimed Marks
[34.951s][info][gc,marking     ] GC(39) Concurrent Clear Claimed Marks 0.019ms
[34.951s][info][gc,marking     ] GC(39) Concurrent Scan Root Regions
[34.951s][info][gc,marking     ] GC(39) Concurrent Scan Root Regions 0.016ms
[34.951s][info][gc,marking     ] GC(39) Concurrent Mark (34.951s)
[34.951s][info][gc,marking     ] GC(39) Concurrent Mark From Roots
[34.951s][info][gc,task        ] GC(39) Using 2 workers of 2 for marking
[34.952s][info][gc,start       ] GC(40) Pause Full (Allocation Failure)
[34.952s][info][gc,phases,start] GC(40) Phase 1: Mark live objects
[35.124s][info][gc,stringtable ] GC(40) Cleaned string and symbol table, strings: 5405 processed, 0 removed, symbols: 31546 processed, 0 removed
[35.124s][info][gc,phases      ] GC(40) Phase 1: Mark live objects 171.749ms
[35.124s][info][gc,phases,start] GC(40) Phase 2: Prepare for compaction
[35.162s][info][gc,phases      ] GC(40) Phase 2: Prepare for compaction 37.953ms
[35.162s][info][gc,phases,start] GC(40) Phase 3: Adjust pointers and remembered sets
[35.244s][info][gc,phases      ] GC(40) Phase 3: Adjust pointers and remembered sets 81.508ms
[35.244s][info][gc,phases,start] GC(40) Phase 4: Compact heap
[35.283s][info][gc,phases      ] GC(40) Phase 4: Compact heap 39.179ms
[35.283s][info][gc,heap        ] GC(40) Eden regions: 0->0(51)
[35.283s][info][gc,heap        ] GC(40) Survivor regions: 0->0(7)
[35.283s][info][gc,heap        ] GC(40) Old regions: 1007->1007
[35.283s][info][gc,heap        ] GC(40) Humongous regions: 17->17
[35.284s][info][gc,metaspace   ] GC(40) Metaspace: 7570K->7570K(1056768K)
[35.284s][info][gc             ] GC(40) Pause Full (Allocation Failure) 1023M->1023M(1024M) 332.029ms
[35.284s][info][gc,cpu         ] GC(40) User=1.98s Sys=0.00s Real=0.33s
[35.284s][info][gc,start       ] GC(41) Pause Full (Allocation Failure)
[35.285s][info][gc,phases,start] GC(41) Phase 1: Mark live objects
[35.452s][info][gc,stringtable ] GC(41) Cleaned string and symbol table, strings: 5405 processed, 0 removed, symbols: 31546 processed, 0 removed
[35.452s][info][gc,phases      ] GC(41) Phase 1: Mark live objects 167.947ms
[35.453s][info][gc,phases,start] GC(41) Phase 2: Prepare for compaction
[35.491s][info][gc,phases      ] GC(41) Phase 2: Prepare for compaction 38.494ms
[35.491s][info][gc,phases,start] GC(41) Phase 3: Adjust pointers and remembered sets
[35.580s][info][gc,phases      ] GC(41) Phase 3: Adjust pointers and remembered sets 88.597ms
[35.580s][info][gc,phases,start] GC(41) Phase 4: Compact heap
[35.620s][info][gc,phases      ] GC(41) Phase 4: Compact heap 40.025ms
[35.620s][info][gc,heap        ] GC(41) Eden regions: 0->0(51)
[35.620s][info][gc,heap        ] GC(41) Survivor regions: 0->0(7)
[35.620s][info][gc,heap        ] GC(41) Old regions: 1007->1007
[35.620s][info][gc,heap        ] GC(41) Humongous regions: 17->17
[35.620s][info][gc,metaspace   ] GC(41) Metaspace: 7570K->7570K(1056768K)
[35.620s][info][gc             ] GC(41) Pause Full (Allocation Failure) 1023M->1023M(1024M) 336.183ms
[35.621s][info][gc,cpu         ] GC(41) User=2.14s Sys=0.02s Real=0.34s
[35.621s][info][gc,marking     ] GC(39) Concurrent Mark From Roots 669.148ms
[35.621s][info][gc,start       ] GC(42) Pause Young (G1 Evacuation Pause)
[35.621s][info][gc,task        ] GC(42) Using 8 workers of 8 for evacuation
[35.621s][info][gc,phases      ] GC(42)   Pre Evacuate Collection Set: 0.0ms
[35.621s][info][gc,phases      ] GC(42)   Evacuate Collection Set: 0.1ms
[35.621s][info][gc,phases      ] GC(42)   Post Evacuate Collection Set: 0.1ms
[35.621s][info][gc,phases      ] GC(42)   Other: 0.4ms
[35.621s][info][gc,heap        ] GC(42) Eden regions: 0->0(51)
[35.621s][info][gc,heap        ] GC(42) Survivor regions: 0->0(7)
[35.621s][info][gc,heap        ] GC(42) Old regions: 1007->1007
[35.621s][info][gc,heap        ] GC(42) Humongous regions: 17->17
[35.621s][info][gc,metaspace   ] GC(42) Metaspace: 7570K->7570K(1056768K)
[35.621s][info][gc             ] GC(42) Pause Young (G1 Evacuation Pause) 1023M->1023M(1024M) 0.840ms
[35.622s][info][gc,cpu         ] GC(42) User=0.00s Sys=0.00s Real=0.00s
[35.622s][info][gc,marking     ] GC(39) Concurrent Mark Abort
[35.622s][info][gc,start       ] GC(43) Pause Young (G1 Evacuation Pause)
[35.622s][info][gc,task        ] GC(43) Using 8 workers of 8 for evacuation
[35.622s][info][gc,phases      ] GC(43)   Pre Evacuate Collection Set: 0.0ms
[35.622s][info][gc,phases      ] GC(43)   Evacuate Collection Set: 0.1ms
[35.622s][info][gc,phases      ] GC(43)   Post Evacuate Collection Set: 0.0ms
[35.622s][info][gc,phases      ] GC(43)   Other: 0.1ms
[35.622s][info][gc,heap        ] GC(43) Eden regions: 0->0(51)
[35.622s][info][gc,heap        ] GC(43) Survivor regions: 0->0(7)
[35.622s][info][gc,heap        ] GC(43) Old regions: 1007->1007
[35.622s][info][gc,heap        ] GC(43) Humongous regions: 17->17
[35.622s][info][gc,metaspace   ] GC(43) Metaspace: 7570K->7570K(1056768K)
[35.622s][info][gc             ] GC(43) Pause Young (G1 Evacuation Pause) 1023M->1023M(1024M) 0.490ms
[35.622s][info][gc,cpu         ] GC(43) User=0.00s Sys=0.00s Real=0.00s
[35.622s][info][gc             ] GC(39) Concurrent Cycle 670.854ms
[35.622s][info][gc,start       ] GC(44) Pause Full (Allocation Failure)
[35.623s][info][gc,phases,start] GC(44) Phase 1: Mark live objects
[35.789s][info][gc,stringtable ] GC(44) Cleaned string and symbol table, strings: 5405 processed, 0 removed, symbols: 31546 processed, 0 removed
[35.789s][info][gc,phases      ] GC(44) Phase 1: Mark live objects 166.658ms
[35.789s][info][gc,phases,start] GC(44) Phase 2: Prepare for compaction
[35.826s][info][gc,phases      ] GC(44) Phase 2: Prepare for compaction 36.358ms
[35.826s][info][gc,phases,start] GC(44) Phase 3: Adjust pointers and remembered sets
[35.910s][info][gc,phases      ] GC(44) Phase 3: Adjust pointers and remembered sets 84.042ms
[35.910s][info][gc,phases,start] GC(44) Phase 4: Compact heap
[35.966s][info][gc,phases      ] GC(44) Phase 4: Compact heap 56.283ms
[35.966s][info][gc,heap        ] GC(44) Eden regions: 0->0(51)
[35.966s][info][gc,heap        ] GC(44) Survivor regions: 0->0(7)
[35.966s][info][gc,heap        ] GC(44) Old regions: 1007->1007
[35.967s][info][gc,heap        ] GC(44) Humongous regions: 17->17
[35.967s][info][gc,metaspace   ] GC(44) Metaspace: 7570K->7570K(1056768K)
[35.967s][info][gc             ] GC(44) Pause Full (Allocation Failure) 1023M->1023M(1024M) 344.156ms
[35.967s][info][gc,cpu         ] GC(44) User=2.27s Sys=0.02s Real=0.34s
[35.967s][info][gc,start       ] GC(45) Pause Full (Allocation Failure)
[35.967s][info][gc,phases,start] GC(45) Phase 1: Mark live objects
[36.147s][info][gc,stringtable ] GC(45) Cleaned string and symbol table, strings: 5405 processed, 0 removed, symbols: 31546 processed, 0 removed
[36.147s][info][gc,phases      ] GC(45) Phase 1: Mark live objects 179.496ms
[36.147s][info][gc,phases,start] GC(45) Phase 2: Prepare for compaction
[36.180s][info][gc,phases      ] GC(45) Phase 2: Prepare for compaction 32.756ms
[36.180s][info][gc,phases,start] GC(45) Phase 3: Adjust pointers and remembered sets
[36.254s][info][gc,phases      ] GC(45) Phase 3: Adjust pointers and remembered sets 74.033ms
[36.254s][info][gc,phases,start] GC(45) Phase 4: Compact heap
[36.284s][info][gc,phases      ] GC(45) Phase 4: Compact heap 29.767ms
[36.284s][info][gc,heap        ] GC(45) Eden regions: 0->0(51)
[36.284s][info][gc,heap        ] GC(45) Survivor regions: 0->0(7)
[36.284s][info][gc,heap        ] GC(45) Old regions: 1007->1007
[36.284s][info][gc,heap        ] GC(45) Humongous regions: 17->17
[36.284s][info][gc,metaspace   ] GC(45) Metaspace: 7570K->7570K(1056768K)
[36.284s][info][gc             ] GC(45) Pause Full (Allocation Failure) 1023M->1023M(1024M) 317.322ms
[36.285s][info][gc,cpu         ] GC(45) User=2.25s Sys=0.00s Real=0.32s
[36.285s][info][gc,start       ] GC(46) Pause Initial Mark (G1 Evacuation Pause)
[36.285s][info][gc,task        ] GC(46) Using 8 workers of 8 for evacuation
[36.286s][info][gc,phases      ] GC(46)   Pre Evacuate Collection Set: 0.0ms
[36.286s][info][gc,phases      ] GC(46)   Evacuate Collection Set: 0.2ms
[36.286s][info][gc,phases      ] GC(46)   Post Evacuate Collection Set: 0.1ms
[36.286s][info][gc,phases      ] GC(46)   Other: 0.4ms
[36.286s][info][gc,heap        ] GC(46) Eden regions: 0->0(51)
[36.286s][info][gc,heap        ] GC(46) Survivor regions: 0->0(7)
[36.286s][info][gc,heap        ] GC(46) Old regions: 1007->1007
[36.286s][info][gc,heap        ] GC(46) Humongous regions: 17->17
[36.286s][info][gc,metaspace   ] GC(46) Metaspace: 7571K->7571K(1056768K)
[36.286s][info][gc             ] GC(46) Pause Initial Mark (G1 Evacuation Pause) 1023M->1023M(1024M) 0.926ms
[36.286s][info][gc,cpu         ] GC(46) User=0.00s Sys=0.00s Real=0.00s
[36.286s][info][gc             ] GC(47) Concurrent Cycle
[36.286s][info][gc,marking     ] GC(47) Concurrent Clear Claimed Marks
[36.286s][info][gc,start       ] GC(48) Pause Young (G1 Evacuation Pause)
[36.286s][info][gc,marking     ] GC(47) Concurrent Clear Claimed Marks 0.029ms
[36.286s][info][gc,task        ] GC(48) Using 8 workers of 8 for evacuation
[36.286s][info][gc,marking     ] GC(47) Concurrent Scan Root Regions
[36.286s][info][gc,marking     ] GC(47) Concurrent Scan Root Regions 0.075ms
[36.286s][info][gc,marking     ] GC(47) Concurrent Mark (36.286s)
[36.286s][info][gc,marking     ] GC(47) Concurrent Mark From Roots
[36.286s][info][gc,task        ] GC(47) Using 2 workers of 2 for marking
[36.286s][info][gc,phases      ] GC(48)   Pre Evacuate Collection Set: 0.0ms
[36.286s][info][gc,phases      ] GC(48)   Evacuate Collection Set: 0.2ms
[36.287s][info][gc,phases      ] GC(48)   Post Evacuate Collection Set: 0.1ms
[36.287s][info][gc,phases      ] GC(48)   Other: 0.2ms
[36.287s][info][gc,heap        ] GC(48) Eden regions: 0->0(51)
[36.287s][info][gc,heap        ] GC(48) Survivor regions: 0->0(7)
[36.287s][info][gc,heap        ] GC(48) Old regions: 1007->1007
[36.287s][info][gc,heap        ] GC(48) Humongous regions: 17->17
[36.287s][info][gc,metaspace   ] GC(48) Metaspace: 7571K->7571K(1056768K)
[36.287s][info][gc             ] GC(48) Pause Young (G1 Evacuation Pause) 1023M->1023M(1024M) 0.726ms
[36.287s][info][gc,cpu         ] GC(48) User=0.02s Sys=0.00s Real=0.00s
[36.287s][info][gc,start       ] GC(49) Pause Young (G1 Evacuation Pause)
[36.287s][info][gc,task        ] GC(49) Using 8 workers of 8 for evacuation
[36.287s][info][gc,phases      ] GC(49)   Pre Evacuate Collection Set: 0.0ms
[36.287s][info][gc,phases      ] GC(49)   Evacuate Collection Set: 0.1ms
[36.287s][info][gc,phases      ] GC(49)   Post Evacuate Collection Set: 0.1ms
[36.287s][info][gc,phases      ] GC(49)   Other: 0.1ms
[36.287s][info][gc,heap        ] GC(49) Eden regions: 0->0(51)
[36.287s][info][gc,heap        ] GC(49) Survivor regions: 0->0(7)
[36.287s][info][gc,heap        ] GC(49) Old regions: 1007->1007
[36.287s][info][gc,heap        ] GC(49) Humongous regions: 17->17
[36.287s][info][gc,metaspace   ] GC(49) Metaspace: 7571K->7571K(1056768K)
[36.287s][info][gc             ] GC(49) Pause Young (G1 Evacuation Pause) 1023M->1023M(1024M) 0.585ms
[36.288s][info][gc,cpu         ] GC(49) User=0.00s Sys=0.00s Real=0.00s
[36.288s][info][gc,start       ] GC(50) Pause Full (Allocation Failure)
[36.289s][info][gc,phases,start] GC(50) Phase 1: Mark live objects
[36.464s][info][gc,stringtable ] GC(50) Cleaned string and symbol table, strings: 5405 processed, 0 removed, symbols: 31546 processed, 0 removed
[36.464s][info][gc,phases      ] GC(50) Phase 1: Mark live objects 175.555ms
[36.464s][info][gc,phases,start] GC(50) Phase 2: Prepare for compaction
[36.501s][info][gc,phases      ] GC(50) Phase 2: Prepare for compaction 36.769ms
[36.501s][info][gc,phases,start] GC(50) Phase 3: Adjust pointers and remembered sets
[36.576s][info][gc,phases      ] GC(50) Phase 3: Adjust pointers and remembered sets 75.035ms
[36.576s][info][gc,phases,start] GC(50) Phase 4: Compact heap
[36.613s][info][gc,phases      ] GC(50) Phase 4: Compact heap 36.711ms
[36.614s][info][gc,heap        ] GC(50) Eden regions: 0->0(51)
[36.614s][info][gc,heap        ] GC(50) Survivor regions: 0->0(7)
[36.614s][info][gc,heap        ] GC(50) Old regions: 1007->1007
[36.614s][info][gc,heap        ] GC(50) Humongous regions: 17->17
[36.614s][info][gc,metaspace   ] GC(50) Metaspace: 7571K->7571K(1056768K)
[36.614s][info][gc             ] GC(50) Pause Full (Allocation Failure) 1023M->1023M(1024M) 325.801ms
[36.614s][info][gc,cpu         ] GC(50) User=2.19s Sys=0.05s Real=0.33s
[36.614s][info][gc,start       ] GC(51) Pause Full (Allocation Failure)
[36.615s][info][gc,phases,start] GC(51) Phase 1: Mark live objects
[36.781s][info][gc,stringtable ] GC(51) Cleaned string and symbol table, strings: 5405 processed, 0 removed, symbols: 31546 processed, 0 removed
[36.781s][info][gc,phases      ] GC(51) Phase 1: Mark live objects 166.583ms
[36.781s][info][gc,phases,start] GC(51) Phase 2: Prepare for compaction
[36.816s][info][gc,phases      ] GC(51) Phase 2: Prepare for compaction 34.297ms
[36.816s][info][gc,phases,start] GC(51) Phase 3: Adjust pointers and remembered sets
[36.890s][info][gc,phases      ] GC(51) Phase 3: Adjust pointers and remembered sets 74.817ms
[36.890s][info][gc,phases,start] GC(51) Phase 4: Compact heap
[36.925s][info][gc,phases      ] GC(51) Phase 4: Compact heap 34.582ms
[36.925s][info][gc,heap        ] GC(51) Eden regions: 0->0(51)
[36.925s][info][gc,heap        ] GC(51) Survivor regions: 0->0(7)
[36.925s][info][gc,heap        ] GC(51) Old regions: 1007->1007
[36.925s][info][gc,heap        ] GC(51) Humongous regions: 17->17
[36.926s][info][gc,metaspace   ] GC(51) Metaspace: 7571K->7571K(1056768K)
[36.926s][info][gc             ] GC(51) Pause Full (Allocation Failure) 1023M->1023M(1024M) 311.322ms
[36.926s][info][gc,cpu         ] GC(51) User=2.20s Sys=0.03s Real=0.31s
[36.926s][info][gc,marking     ] GC(47) Concurrent Mark From Roots 639.742ms
[36.926s][info][gc,start       ] GC(52) Pause Young (G1 Evacuation Pause)
[36.926s][info][gc,task        ] GC(52) Using 8 workers of 8 for evacuation
[36.927s][info][gc,phases      ] GC(52)   Pre Evacuate Collection Set: 0.0ms
[36.927s][info][gc,phases      ] GC(52)   Evacuate Collection Set: 0.1ms
[36.927s][info][gc,phases      ] GC(52)   Post Evacuate Collection Set: 0.1ms
[36.927s][info][gc,phases      ] GC(52)   Other: 0.4ms
[36.927s][info][gc,heap        ] GC(52) Eden regions: 0->0(51)
[36.927s][info][gc,heap        ] GC(52) Survivor regions: 0->0(7)
[36.927s][info][gc,heap        ] GC(52) Old regions: 1007->1007
[36.927s][info][gc,heap        ] GC(52) Humongous regions: 17->17
[36.927s][info][gc,metaspace   ] GC(52) Metaspace: 7571K->7571K(1056768K)
[36.927s][info][gc             ] GC(52) Pause Young (G1 Evacuation Pause) 1023M->1023M(1024M) 0.812ms
[36.927s][info][gc,cpu         ] GC(52) User=0.02s Sys=0.00s Real=0.00s
[36.927s][info][gc,marking     ] GC(47) Concurrent Mark Abort
[36.927s][info][gc,start       ] GC(53) Pause Full (Allocation Failure)
[36.927s][info][gc,phases,start] GC(53) Phase 1: Mark live objects
[37.092s][info][gc,stringtable ] GC(53) Cleaned string and symbol table, strings: 5405 processed, 0 removed, symbols: 31546 processed, 0 removed
[37.092s][info][gc,phases      ] GC(53) Phase 1: Mark live objects 165.006ms
[37.092s][info][gc,phases,start] GC(53) Phase 2: Prepare for compaction
[37.125s][info][gc,phases      ] GC(53) Phase 2: Prepare for compaction 33.120ms
[37.125s][info][gc,phases,start] GC(53) Phase 3: Adjust pointers and remembered sets
[37.214s][info][gc,phases      ] GC(53) Phase 3: Adjust pointers and remembered sets 88.580ms
[37.214s][info][gc,phases,start] GC(53) Phase 4: Compact heap
[37.262s][info][gc,phases      ] GC(53) Phase 4: Compact heap 47.663ms
[37.262s][info][gc,heap        ] GC(53) Eden regions: 0->0(51)
[37.262s][info][gc,heap        ] GC(53) Survivor regions: 0->0(7)
[37.262s][info][gc,heap        ] GC(53) Old regions: 1007->1007
[37.262s][info][gc,heap        ] GC(53) Humongous regions: 17->17
[37.262s][info][gc,metaspace   ] GC(53) Metaspace: 7571K->7571K(1056768K)
[37.263s][info][gc             ] GC(53) Pause Full (Allocation Failure) 1023M->1023M(1024M) 335.402ms
[37.263s][info][gc,cpu         ] GC(53) User=2.30s Sys=0.00s Real=0.34s
[37.263s][info][gc,start       ] GC(54) Pause Full (Allocation Failure)
[37.264s][info][gc,phases,start] GC(54) Phase 1: Mark live objects
[37.436s][info][gc,stringtable ] GC(54) Cleaned string and symbol table, strings: 5405 processed, 0 removed, symbols: 31546 processed, 0 removed
[37.436s][info][gc,phases      ] GC(54) Phase 1: Mark live objects 171.972ms
[37.436s][info][gc,phases,start] GC(54) Phase 2: Prepare for compaction
[37.467s][info][gc,phases      ] GC(54) Phase 2: Prepare for compaction 31.752ms
[37.467s][info][gc,phases,start] GC(54) Phase 3: Adjust pointers and remembered sets
[37.540s][info][gc,phases      ] GC(54) Phase 3: Adjust pointers and remembered sets 72.551ms
[37.540s][info][gc,phases,start] GC(54) Phase 4: Compact heap
[37.572s][info][gc,phases      ] GC(54) Phase 4: Compact heap 31.469ms
[37.572s][info][gc,heap        ] GC(54) Eden regions: 0->0(51)
[37.572s][info][gc,heap        ] GC(54) Survivor regions: 0->0(7)
[37.572s][info][gc,heap        ] GC(54) Old regions: 1007->1007
[37.572s][info][gc,heap        ] GC(54) Humongous regions: 17->17
[37.572s][info][gc,metaspace   ] GC(54) Metaspace: 7571K->7571K(1056768K)
[37.572s][info][gc             ] GC(54) Pause Full (Allocation Failure) 1023M->1023M(1024M) 308.963ms
[37.572s][info][gc,cpu         ] GC(54) User=2.31s Sys=0.00s Real=0.31s
[37.572s][info][gc             ] GC(47) Concurrent Cycle 1286.499ms
[37.573s][info][gc,start       ] GC(55) Pause Young (G1 Evacuation Pause)
[37.573s][info][gc,task        ] GC(55) Using 8 workers of 8 for evacuation
[37.573s][info][gc,phases      ] GC(55)   Pre Evacuate Collection Set: 0.0ms
[37.573s][info][gc,phases      ] GC(55)   Evacuate Collection Set: 0.2ms
[37.573s][info][gc,phases      ] GC(55)   Post Evacuate Collection Set: 0.1ms
[37.573s][info][gc,phases      ] GC(55)   Other: 0.4ms
[37.573s][info][gc,heap        ] GC(55) Eden regions: 0->0(51)
[37.573s][info][gc,heap        ] GC(55) Survivor regions: 0->0(7)
[37.573s][info][gc,heap        ] GC(55) Old regions: 1007->1007
[37.573s][info][gc,heap        ] GC(55) Humongous regions: 17->17
[37.573s][info][gc,metaspace   ] GC(55) Metaspace: 7575K->7575K(1056768K)
[37.574s][info][gc             ] GC(55) Pause Young (G1 Evacuation Pause) 1023M->1023M(1024M) 0.838ms
[37.574s][info][gc,cpu         ] GC(55) User=0.00s Sys=0.00s Real=0.00s
[37.574s][info][gc,start       ] GC(56) Pause Initial Mark (G1 Evacuation Pause)
[37.574s][info][gc,task        ] GC(56) Using 8 workers of 8 for evacuation
[37.574s][info][gc,phases      ] GC(56)   Pre Evacuate Collection Set: 0.0ms
[37.574s][info][gc,phases      ] GC(56)   Evacuate Collection Set: 0.2ms
[37.574s][info][gc,phases      ] GC(56)   Post Evacuate Collection Set: 0.1ms
[37.574s][info][gc,phases      ] GC(56)   Other: 0.1ms
[37.574s][info][gc,heap        ] GC(56) Eden regions: 0->0(51)
[37.574s][info][gc,heap        ] GC(56) Survivor regions: 0->0(7)
[37.574s][info][gc,heap        ] GC(56) Old regions: 1007->1007
[37.574s][info][gc,heap        ] GC(56) Humongous regions: 17->17
[37.574s][info][gc,metaspace   ] GC(56) Metaspace: 7575K->7575K(1056768K)
[37.574s][info][gc             ] GC(56) Pause Initial Mark (G1 Evacuation Pause) 1023M->1023M(1024M) 0.528ms
[37.574s][info][gc,cpu         ] GC(56) User=0.00s Sys=0.00s Real=0.00s
[37.574s][info][gc             ] GC(57) Concurrent Cycle
[37.574s][info][gc,marking     ] GC(57) Concurrent Clear Claimed Marks
[37.574s][info][gc,marking     ] GC(57) Concurrent Clear Claimed Marks 0.020ms
[37.574s][info][gc,marking     ] GC(57) Concurrent Scan Root Regions
[37.574s][info][gc,marking     ] GC(57) Concurrent Scan Root Regions 0.018ms
[37.574s][info][gc,marking     ] GC(57) Concurrent Mark (37.574s)
[37.574s][info][gc,marking     ] GC(57) Concurrent Mark From Roots
[37.574s][info][gc,task        ] GC(57) Using 2 workers of 2 for marking
[37.574s][info][gc,start       ] GC(58) Pause Full (Allocation Failure)
[37.575s][info][gc,phases,start] GC(58) Phase 1: Mark live objects
[37.576s][info][gc,stringtable ] GC(58) Cleaned string and symbol table, strings: 5405 processed, 0 removed, symbols: 31566 processed, 0 removed
[37.576s][info][gc,phases      ] GC(58) Phase 1: Mark live objects 1.363ms
[37.576s][info][gc,phases,start] GC(58) Phase 2: Prepare for compaction
[37.578s][info][gc,phases      ] GC(58) Phase 2: Prepare for compaction 1.684ms
[37.578s][info][gc,phases,start] GC(58) Phase 3: Adjust pointers and remembered sets
[37.579s][info][gc,phases      ] GC(58) Phase 3: Adjust pointers and remembered sets 1.287ms
[37.580s][info][gc,phases,start] GC(58) Phase 4: Compact heap
[37.581s][info][gc,phases      ] GC(58) Phase 4: Compact heap 1.642ms
[37.582s][info][gc,heap        ] GC(58) Eden regions: 0->0(520)
[37.582s][info][gc,heap        ] GC(58) Survivor regions: 0->0(7)
[37.582s][info][gc,heap        ] GC(58) Old regions: 1007->8
[37.582s][info][gc,heap        ] GC(58) Humongous regions: 17->0
[37.582s][info][gc,metaspace   ] GC(58) Metaspace: 7575K->7575K(1056768K)
[37.582s][info][gc             ] GC(58) Pause Full (Allocation Failure) 1023M->1M(1024M) 7.303ms
[37.582s][info][gc,cpu         ] GC(58) User=0.00s Sys=0.00s Real=0.01s
[37.582s][info][gc,marking     ] GC(57) Concurrent Mark From Roots 7.548ms
[37.582s][info][gc,marking     ] GC(57) Concurrent Mark Abort
[37.582s][info][gc             ] GC(57) Concurrent Cycle 7.737ms
[37.582s][info][gc,heap,exit   ] Heap
[37.582s][info][gc,heap,exit   ]  garbage-first heap   total 1048576K, used 1652K [0x00000000c0000000, 0x0000000100000000)
[37.582s][info][gc,heap,exit   ]   region size 1024K, 1 young (1024K), 0 survivors (0K)
[37.582s][info][gc,heap,exit   ]  Metaspace       used 7577K, capacity 7755K, committed 7936K, reserved 1056768K
[37.582s][info][gc,heap,exit   ]   class space    used 617K, capacity 644K, committed 768K, reserved 1048576K
