[0.169s][info][gc] Using Concurrent Mark Sweep
[0.170s][info][gc,heap,coops] Heap address: 0x00000000c0000000, size: 1024 MB, Compressed Oops mode: 32-bit
[8.033s][info][gc,start     ] GC(0) Pause Young (Allocation Failure)
[8.033s][info][gc,task      ] GC(0) Using 8 workers of 8 for evacuation
[8.288s][info][gc,heap      ] GC(0) ParNew: 279616K->34943K(314560K)
[8.288s][info][gc,heap      ] GC(0) CMS: 0K->208774K(699072K)
[8.288s][info][gc,metaspace ] GC(0) Metaspace: 7518K->7518K(1056768K)
[8.288s][info][gc           ] GC(0) Pause Young (Allocation Failure) 273M->238M(989M) 255.378ms
[8.288s][info][gc,cpu       ] GC(0) User=0.88s Sys=0.22s Real=0.25s
[16.805s][info][gc,start     ] GC(1) Pause Young (Allocation Failure)
[16.806s][info][gc,task      ] GC(1) Using 8 workers of 8 for evacuation
[16.898s][info][gc,heap      ] GC(1) ParNew: 314559K->34944K(314560K)
[16.898s][info][gc,heap      ] GC(1) CMS: 208774K->479385K(699072K)
[16.898s][info][gc,metaspace ] GC(1) Metaspace: 7539K->7539K(1056768K)
[16.898s][info][gc           ] GC(1) Pause Young (Allocation Failure) 511M->502M(989M) 93.421ms
[16.898s][info][gc,cpu       ] GC(1) User=0.59s Sys=0.13s Real=0.09s
[16.898s][info][gc,start     ] GC(2) Pause Initial Mark
[16.914s][info][gc           ] GC(2) Pause Initial Mark 509M->509M(989M) 15.544ms
[16.914s][info][gc,cpu       ] GC(2) User=0.02s Sys=0.00s Real=0.02s
[16.914s][info][gc           ] GC(2) Concurrent Mark
[16.914s][info][gc,task      ] GC(2) Using 2 workers of 2 for marking
[17.002s][info][gc           ] GC(2) Concurrent Mark 88.021ms
[17.002s][info][gc,cpu       ] GC(2) User=0.16s Sys=0.00s Real=0.09s
[17.002s][info][gc           ] GC(2) Concurrent Preclean
[17.004s][info][gc           ] GC(2) Concurrent Preclean 1.801ms
[17.004s][info][gc,cpu       ] GC(2) User=0.00s Sys=0.00s Real=0.00s
[17.004s][info][gc           ] GC(2) Concurrent Abortable Preclean
[21.631s][info][gc           ] GC(2) Concurrent Abortable Preclean 4626.906ms
[21.631s][info][gc,cpu       ] GC(2) User=4.64s Sys=0.00s Real=4.63s
[21.631s][info][gc,start     ] GC(2) Pause Remark
[21.665s][info][gc           ] GC(2) Pause Remark 643M->643M(989M) 33.801ms
[21.665s][info][gc,cpu       ] GC(2) User=0.13s Sys=0.00s Real=0.03s
[21.665s][info][gc           ] GC(2) Concurrent Sweep
[21.715s][info][gc           ] GC(2) Concurrent Sweep 49.614ms
[21.715s][info][gc,cpu       ] GC(2) User=0.05s Sys=0.00s Real=0.05s
[21.715s][info][gc           ] GC(2) Concurrent Reset
[21.717s][info][gc           ] GC(2) Concurrent Reset 1.592ms
[21.717s][info][gc,cpu       ] GC(2) User=0.00s Sys=0.00s Real=0.00s
[21.717s][info][gc,heap      ] GC(2) Old: 479385K->479381K(699072K)
[23.716s][info][gc,start     ] GC(3) Pause Initial Mark
[23.735s][info][gc           ] GC(3) Pause Initial Mark 705M->705M(989M) 19.428ms
[23.735s][info][gc,cpu       ] GC(3) User=0.02s Sys=0.00s Real=0.02s
[23.735s][info][gc           ] GC(3) Concurrent Mark
[23.735s][info][gc,task      ] GC(3) Using 2 workers of 2 for marking
[23.822s][info][gc           ] GC(3) Concurrent Mark 86.500ms
[23.822s][info][gc,cpu       ] GC(3) User=0.19s Sys=0.00s Real=0.09s
[23.822s][info][gc           ] GC(3) Concurrent Preclean
[23.840s][info][gc           ] GC(3) Concurrent Preclean 17.773ms
[23.840s][info][gc,cpu       ] GC(3) User=0.02s Sys=0.00s Real=0.02s
[23.840s][info][gc           ] GC(3) Concurrent Abortable Preclean
[23.840s][info][gc           ] GC(3) Concurrent Abortable Preclean 0.017ms
[23.840s][info][gc,cpu       ] GC(3) User=0.00s Sys=0.00s Real=0.00s
[23.840s][info][gc,start     ] GC(3) Pause Remark
[23.874s][info][gc           ] GC(3) Pause Remark 705M->705M(989M) 33.650ms
[23.874s][info][gc,cpu       ] GC(3) User=0.11s Sys=0.00s Real=0.03s
[23.874s][info][gc           ] GC(3) Concurrent Sweep
[23.925s][info][gc           ] GC(3) Concurrent Sweep 51.289ms
[23.925s][info][gc,cpu       ] GC(3) User=0.05s Sys=0.00s Real=0.05s
[23.925s][info][gc           ] GC(3) Concurrent Reset
[23.926s][info][gc           ] GC(3) Concurrent Reset 0.706ms
[23.926s][info][gc,cpu       ] GC(3) User=0.00s Sys=0.00s Real=0.00s
[23.926s][info][gc,heap      ] GC(3) Old: 479381K->479381K(699072K)
[25.926s][info][gc,start     ] GC(4) Pause Initial Mark
[25.946s][info][gc           ] GC(4) Pause Initial Mark 767M->767M(989M) 19.641ms
[25.946s][info][gc,cpu       ] GC(4) User=0.14s Sys=0.00s Real=0.02s
[25.946s][info][gc           ] GC(4) Concurrent Mark
[25.946s][info][gc,task      ] GC(4) Using 2 workers of 2 for marking
[26.051s][info][gc           ] GC(4) Concurrent Mark 104.851ms
[26.051s][info][gc,cpu       ] GC(4) User=0.19s Sys=0.00s Real=0.11s
[26.051s][info][gc           ] GC(4) Concurrent Preclean
[26.067s][info][gc           ] GC(4) Concurrent Preclean 16.376ms
[26.067s][info][gc,cpu       ] GC(4) User=0.02s Sys=0.00s Real=0.02s
[26.067s][info][gc           ] GC(4) Concurrent Abortable Preclean
[26.067s][info][gc           ] GC(4) Concurrent Abortable Preclean 0.017ms
[26.067s][info][gc,cpu       ] GC(4) User=0.00s Sys=0.00s Real=0.00s
[26.067s][info][gc,start     ] GC(4) Pause Remark
[26.089s][info][gc           ] GC(4) Pause Remark 773M->773M(989M) 21.351ms
[26.089s][info][gc,cpu       ] GC(4) User=0.25s Sys=0.00s Real=0.02s
[26.089s][info][gc           ] GC(4) Concurrent Sweep
[26.137s][info][gc           ] GC(4) Concurrent Sweep 48.652ms
[26.137s][info][gc,cpu       ] GC(4) User=0.06s Sys=0.00s Real=0.05s
[26.137s][info][gc           ] GC(4) Concurrent Reset
[26.138s][info][gc           ] GC(4) Concurrent Reset 0.392ms
[26.138s][info][gc,cpu       ] GC(4) User=0.00s Sys=0.00s Real=0.00s
[26.138s][info][gc,heap      ] GC(4) Old: 479381K->479380K(699072K)
[26.260s][info][gc,start     ] GC(5) Pause Young (Allocation Failure)
[26.260s][info][gc,task      ] GC(5) Using 8 workers of 8 for evacuation
[26.260s][info][gc,start     ] GC(6) Pause Full (Allocation Failure)
[26.260s][info][gc,phases,start] GC(6) Phase 1: Mark live objects
[26.428s][info][gc,phases      ] GC(6) Phase 1: Mark live objects 167.794ms
[26.428s][info][gc,phases,start] GC(6) Phase 2: Compute new object addresses
[26.542s][info][gc,phases      ] GC(6) Phase 2: Compute new object addresses 113.906ms
[26.542s][info][gc,phases,start] GC(6) Phase 3: Adjust pointers
[26.673s][info][gc,phases      ] GC(6) Phase 3: Adjust pointers 131.011ms
[26.673s][info][gc,phases,start] GC(6) Phase 4: Move objects
[26.880s][info][gc,phases      ] GC(6) Phase 4: Move objects 207.088ms
[26.881s][info][gc             ] GC(6) Pause Full (Allocation Failure) 775M->764M(989M) 621.086ms
[26.881s][info][gc,heap        ] GC(5) ParNew: 314560K->83871K(314560K)
[26.881s][info][gc,heap        ] GC(5) CMS: 479380K->699071K(699072K)
[26.881s][info][gc,metaspace   ] GC(5) Metaspace: 7563K->7563K(1056768K)
[26.881s][info][gc             ] GC(5) Pause Young (Allocation Failure) 775M->764M(989M) 621.285ms
[26.881s][info][gc,cpu         ] GC(5) User=0.53s Sys=0.09s Real=0.62s
[26.881s][info][gc,start       ] GC(7) Pause Initial Mark
[26.917s][info][gc             ] GC(7) Pause Initial Mark 771M->771M(989M) 36.151ms
[26.918s][info][gc,cpu         ] GC(7) User=0.03s Sys=0.00s Real=0.04s
[26.918s][info][gc             ] GC(7) Concurrent Mark
[26.918s][info][gc,task        ] GC(7) Using 2 workers of 2 for marking
[27.054s][info][gc             ] GC(7) Concurrent Mark 136.278ms
[27.054s][info][gc,cpu         ] GC(7) User=0.28s Sys=0.00s Real=0.13s
[27.054s][info][gc             ] GC(7) Concurrent Preclean
[27.181s][info][gc             ] GC(7) Concurrent Preclean 127.391ms
[27.181s][info][gc,cpu         ] GC(7) User=0.13s Sys=0.00s Real=0.13s
[27.181s][info][gc             ] GC(7) Concurrent Abortable Preclean
[27.181s][info][gc             ] GC(7) Concurrent Abortable Preclean 0.015ms
[27.181s][info][gc,cpu         ] GC(7) User=0.00s Sys=0.00s Real=0.00s
[27.182s][info][gc,start       ] GC(7) Pause Remark
[27.213s][info][gc             ] GC(7) Pause Remark 776M->776M(989M) 31.670ms
[27.213s][info][gc,cpu         ] GC(7) User=0.14s Sys=0.00s Real=0.03s
[27.213s][info][gc             ] GC(7) Concurrent Sweep
[27.303s][info][gc             ] GC(7) Concurrent Sweep 89.876ms
[27.303s][info][gc,cpu         ] GC(7) User=0.09s Sys=0.00s Real=0.09s
[27.303s][info][gc             ] GC(7) Concurrent Reset
[27.304s][info][gc             ] GC(7) Concurrent Reset 0.431ms
[27.304s][info][gc,cpu         ] GC(7) User=0.00s Sys=0.00s Real=0.00s
[27.304s][info][gc,heap        ] GC(7) Old: 699071K->699071K(699072K)
[29.305s][info][gc,start       ] GC(8) Pause Initial Mark
[29.344s][info][gc             ] GC(8) Pause Initial Mark 839M->839M(989M) 39.532ms
[29.345s][info][gc,cpu         ] GC(8) User=0.03s Sys=0.00s Real=0.04s
[29.345s][info][gc             ] GC(8) Concurrent Mark
[29.345s][info][gc,task        ] GC(8) Using 2 workers of 2 for marking
[29.497s][info][gc             ] GC(8) Concurrent Mark 152.286ms
[29.497s][info][gc,cpu         ] GC(8) User=0.31s Sys=0.00s Real=0.15s
[29.497s][info][gc             ] GC(8) Concurrent Preclean
[29.510s][info][gc             ] GC(8) Concurrent Preclean 13.368ms
[29.510s][info][gc,cpu         ] GC(8) User=0.02s Sys=0.00s Real=0.01s
[29.510s][info][gc             ] GC(8) Concurrent Abortable Preclean
[29.511s][info][gc             ] GC(8) Concurrent Abortable Preclean 0.018ms
[29.511s][info][gc,cpu         ] GC(8) User=0.00s Sys=0.00s Real=0.00s
[29.511s][info][gc,start       ] GC(8) Pause Remark
[29.542s][info][gc             ] GC(8) Pause Remark 844M->844M(989M) 31.863ms
[29.542s][info][gc,cpu         ] GC(8) User=0.14s Sys=0.00s Real=0.03s
[29.543s][info][gc             ] GC(8) Concurrent Sweep
[29.632s][info][gc             ] GC(8) Concurrent Sweep 89.333ms
[29.632s][info][gc,cpu         ] GC(8) User=0.09s Sys=0.00s Real=0.09s
[29.632s][info][gc             ] GC(8) Concurrent Reset
[29.632s][info][gc             ] GC(8) Concurrent Reset 0.417ms
[29.632s][info][gc,cpu         ] GC(8) User=0.00s Sys=0.00s Real=0.00s
[29.632s][info][gc,heap        ] GC(8) Old: 699071K->699071K(699072K)
[31.637s][info][gc,start       ] GC(9) Pause Initial Mark
[31.669s][info][gc             ] GC(9) Pause Initial Mark 923M->923M(989M) 32.332ms
[31.669s][info][gc,cpu         ] GC(9) User=0.05s Sys=0.00s Real=0.03s
[31.669s][info][gc             ] GC(9) Concurrent Mark
[31.669s][info][gc,task        ] GC(9) Using 2 workers of 2 for marking
[31.815s][info][gc             ] GC(9) Concurrent Mark 146.058ms
[31.816s][info][gc,cpu         ] GC(9) User=0.28s Sys=0.00s Real=0.15s
[31.816s][info][gc             ] GC(9) Concurrent Preclean
[31.870s][info][gc             ] GC(9) Concurrent Preclean 54.171ms
[31.870s][info][gc,cpu         ] GC(9) User=0.06s Sys=0.00s Real=0.05s
[31.870s][info][gc             ] GC(9) Concurrent Abortable Preclean
[31.870s][info][gc             ] GC(9) Concurrent Abortable Preclean 0.018ms
[31.870s][info][gc,cpu         ] GC(9) User=0.00s Sys=0.00s Real=0.00s
[31.870s][info][gc,start       ] GC(9) Pause Remark
[31.907s][info][gc             ] GC(9) Pause Remark 929M->929M(989M) 37.030ms
[31.907s][info][gc,cpu         ] GC(9) User=0.25s Sys=0.00s Real=0.04s
[31.907s][info][gc             ] GC(9) Concurrent Sweep
[31.996s][info][gc             ] GC(9) Concurrent Sweep 89.283ms
[31.996s][info][gc,cpu         ] GC(9) User=0.09s Sys=0.00s Real=0.09s
[31.996s][info][gc             ] GC(9) Concurrent Reset
[31.997s][info][gc             ] GC(9) Concurrent Reset 0.434ms
[31.997s][info][gc,cpu         ] GC(9) User=0.00s Sys=0.00s Real=0.00s
[31.997s][info][gc,heap        ] GC(9) Old: 699071K->699071K(699072K)
