[0.044s][info][gc] Using G1
[1.739s][info][gc] GC(0) Pause Young (G1 Evacuation Pause) 52M->47M(1024M) 28.017ms
[3.204s][info][gc] GC(1) Pause Young (G1 Evacuation Pause) 93M->94M(1024M) 16.515ms
[4.665s][info][gc] GC(2) Pause Young (G1 Evacuation Pause) 141M->142M(1024M) 14.989ms
[6.141s][info][gc] GC(3) Pause Young (G1 Evacuation Pause) 186M->188M(1024M) 15.622ms
[7.649s][info][gc] GC(4) Pause Young (G1 Evacuation Pause) 237M->238M(1024M) 18.426ms
[9.101s][info][gc] GC(5) Pause Young (G1 Evacuation Pause) 282M->283M(1024M) 16.000ms
[10.502s][info][gc] GC(6) Pause Young (G1 Evacuation Pause) 327M->329M(1024M) 17.374ms
[12.245s][info][gc] GC(7) Pause Young (G1 Evacuation Pause) 382M->383M(1024M) 21.338ms
[14.361s][info][gc] GC(8) Pause Young (G1 Evacuation Pause) 448M->450M(1024M) 21.858ms
[17.003s][info][gc] GC(9) Pause Young (G1 Evacuation Pause) 539M->540M(1024M) 30.611ms
[20.403s][info][gc] GC(10) Pause Initial Mark (G1 Evacuation Pause) 645M->646M(1024M) 38.549ms
[20.403s][info][gc] GC(11) Concurrent Cycle
[20.523s][info][gc] GC(11) Pause Remark 649M->649M(1024M) 0.874ms
[20.579s][info][gc] GC(11) Pause Cleanup 651M->640M(1024M) 1.278ms
[20.580s][info][gc] GC(11) Concurrent Cycle 176.272ms
[23.215s][info][gc] GC(12) Pause Young (G1 Evacuation Pause) 721M->723M(1024M) 34.079ms
[25.147s][info][gc] GC(13) Pause Initial Mark (G1 Evacuation Pause) 784M->786M(1024M) 27.393ms
[25.148s][info][gc] GC(14) Concurrent Cycle
[25.299s][info][gc] GC(14) Pause Remark 790M->790M(1024M) 0.852ms
[25.370s][info][gc] GC(14) Pause Cleanup 792M->792M(1024M) 1.776ms
[25.371s][info][gc] GC(14) Concurrent Cycle 223.442ms
[26.524s][info][gc] GC(15) Pause Young (G1 Evacuation Pause) 828M->830M(1024M) 22.188ms
[27.949s][info][gc] GC(16) Pause Initial Mark (G1 Evacuation Pause) 874M->876M(1024M) 19.817ms
[27.949s][info][gc] GC(17) Concurrent Cycle
[28.108s][info][gc] GC(17) Pause Remark 880M->880M(1024M) 0.941ms
[28.191s][info][gc] GC(17) Pause Cleanup 883M->883M(1024M) 2.353ms
[28.192s][info][gc] GC(17) Concurrent Cycle 242.670ms
[29.165s][info][gc] GC(18) Pause Initial Mark (G1 Humongous Allocation) 912M->914M(1024M) 16.906ms
[29.165s][info][gc] GC(19) Concurrent Cycle
[29.403s][info][gc] GC(19) Pause Remark 933M->933M(1024M) 0.828ms
[29.490s][info][gc] GC(19) Pause Cleanup 935M->935M(1024M) 3.051ms
[29.491s][info][gc] GC(19) Concurrent Cycle 326.277ms
[30.774s][info][gc] GC(20) To-space exhausted
[30.774s][info][gc] GC(20) Pause Young (G1 Evacuation Pause) 975M->1024M(1024M) 20.246ms
[30.792s][info][gc] GC(21) To-space exhausted
[30.792s][info][gc] GC(21) Pause Initial Mark (G1 Evacuation Pause) 1024M->1024M(1024M) 17.933ms
[30.792s][info][gc] GC(22) Concurrent Cycle
[31.149s][info][gc] GC(23) Pause Full (Allocation Failure) 1024M->938M(1024M) 356.760ms
[31.149s][info][gc] GC(22) Concurrent Cycle 357.510ms
[32.801s][info][gc] GC(24) To-space exhausted
[32.801s][info][gc] GC(24) Pause Young (G1 Evacuation Pause) 989M->1018M(1024M) 21.244ms
[32.819s][info][gc] GC(25) To-space exhausted
[32.820s][info][gc] GC(25) Pause Initial Mark (G1 Evacuation Pause) 1018M->1018M(1024M) 17.757ms
[32.820s][info][gc] GC(26) Concurrent Cycle
[33.112s][info][gc] GC(27) Pause Full (Allocation Failure) 1018M->989M(1024M) 291.771ms
[33.112s][info][gc] GC(26) Concurrent Cycle 292.430ms
[34.070s][info][gc] GC(28) To-space exhausted
[34.070s][info][gc] GC(28) Pause Young (G1 Evacuation Pause) 1018M->1018M(1024M) 15.055ms
[34.083s][info][gc] GC(29) Pause Initial Mark (G1 Evacuation Pause) 1018M->1018M(1024M) 12.832ms
[34.083s][info][gc] GC(30) Concurrent Cycle
[34.428s][info][gc] GC(31) Pause Full (Allocation Failure) 1018M->1018M(1024M) 344.707ms
[34.428s][info][gc] GC(30) Concurrent Cycle 345.381ms
[34.561s][info][gc] GC(32) To-space exhausted
[34.561s][info][gc] GC(32) Pause Young (G1 Evacuation Pause) 1022M->1022M(1024M) 5.131ms
[34.566s][info][gc] GC(33) Pause Initial Mark (G1 Evacuation Pause) 1022M->1022M(1024M) 4.304ms
[34.566s][info][gc] GC(34) Concurrent Cycle
[34.876s][info][gc] GC(35) Pause Full (Allocation Failure) 1022M->1022M(1024M) 309.824ms
[34.876s][info][gc] GC(34) Concurrent Cycle 310.492ms
[34.911s][info][gc] GC(36) To-space exhausted
[34.911s][info][gc] GC(36) Pause Young (G1 Evacuation Pause) 1023M->1023M(1024M) 2.204ms
[34.913s][info][gc] GC(37) Pause Initial Mark (G1 Evacuation Pause) 1023M->1023M(1024M) 1.667ms
[34.913s][info][gc] GC(38) Concurrent Cycle
[35.225s][info][gc] GC(39) Pause Full (Allocation Failure) 1023M->1023M(1024M) 311.361ms
[35.520s][info][gc] GC(40) Pause Full (Allocation Failure) 1023M->1023M(1024M) 294.394ms
[35.521s][info][gc] GC(41) Pause Young (G1 Evacuation Pause) 1023M->1023M(1024M) 0.558ms
[35.521s][info][gc] GC(38) Concurrent Cycle 607.600ms
[35.521s][info][gc] GC(42) Pause Young (G1 Evacuation Pause) 1023M->1023M(1024M) 0.213ms
[35.816s][info][gc] GC(43) Pause Full (Allocation Failure) 1023M->1023M(1024M) 294.394ms
[36.105s][info][gc] GC(44) Pause Full (Allocation Failure) 1023M->1023M(1024M) 288.358ms
[36.106s][info][gc] GC(45) Pause Initial Mark (G1 Evacuation Pause) 1023M->1023M(1024M) 0.626ms
[36.106s][info][gc] GC(46) Concurrent Cycle
[36.106s][info][gc] GC(47) Pause Young (G1 Evacuation Pause) 1023M->1023M(1024M) 0.247ms
[36.413s][info][gc] GC(48) Pause Full (Allocation Failure) 1023M->1023M(1024M) 307.022ms
[36.717s][info][gc] GC(49) Pause Full (Allocation Failure) 1023M->1023M(1024M) 303.152ms
[36.718s][info][gc] GC(46) Concurrent Cycle 611.812ms
[36.718s][info][gc] GC(50) Pause Young (G1 Evacuation Pause) 1023M->1023M(1024M) 0.708ms
[36.719s][info][gc] GC(51) Pause Initial Mark (G1 Evacuation Pause) 1023M->1023M(1024M) 0.451ms
[36.719s][info][gc] GC(52) Concurrent Cycle
[36.726s][info][gc] GC(53) Pause Full (Allocation Failure) 1023M->1M(1024M) 6.683ms
[36.726s][info][gc] GC(52) Concurrent Cycle 7.143ms
