Java HotSpot(TM) 64-Bit Server VM (25.191-b12) for windows-amd64 JRE (1.8.0_191-b12), built on Oct  6 2018 09:29:03 by "java_re" with MS VC++ 10.0 (VS2010)
Memory: 4k page, physical 16654768k(11163496k free), swap 19145136k(11378004k free)
CommandLine flags: -XX:InitialHeapSize=1073741824 -XX:MaxHeapSize=1073741824 -XX:MaxNewSize=357916672 -XX:MaxTenuringThreshold=6 -XX:NewSize=357916672 -XX:OldPLABSize=16 -XX:OldSize=715825152 -XX:+PrintCommandLineFlags -XX:+PrintGC -XX:+PrintGCDetails -XX:+PrintGCTimeStamps -XX:+UseCompressedClassPointers -XX:+UseCompressedOops -XX:+UseConcMarkSweepGC -XX:-UseLargePagesIndividualAllocation -XX:+UseParNewGC 
7.854: [GC (Allocation Failure) 7.854: [ParNew: 279616K->34944K(314560K), 0.2808967 secs] 279616K->249991K(1013632K), 0.2811029 secs] [Times: user=0.72 sys=0.28, real=0.28 secs] 
16.698: [GC (Allocation Failure) 16.698: [ParNew: 314560K->34944K(314560K), 0.1193088 secs] 529607K->518935K(1013632K), 0.1193847 secs] [Times: user=0.58 sys=0.08, real=0.12 secs] 
16.817: [GC (CMS Initial Mark) [1 CMS-initial-mark: 483991K(699072K)] 526094K(1013632K), 0.0022632 secs] [Times: user=0.00 sys=0.00, real=0.00 secs] 
16.819: [CMS-concurrent-mark-start]
16.925: [CMS-concurrent-mark: 0.106/0.106 secs] [Times: user=0.17 sys=0.03, real=0.11 secs] 
16.925: [CMS-concurrent-preclean-start]
16.930: [CMS-concurrent-preclean: 0.005/0.005 secs] [Times: user=0.00 sys=0.00, real=0.00 secs] 
16.930: [CMS-concurrent-abortable-preclean-start]
21.365: [CMS-concurrent-abortable-preclean: 4.419/4.435 secs] [Times: user=4.38 sys=0.03, real=4.43 secs] 
21.365: [GC (CMS Final Remark) [YG occupancy: 175485 K (314560 K)]21.365: [Rescan (parallel) , 0.0060465 secs]21.371: [weak refs processing, 0.0000174 secs]21.371: [class unloading, 0.0004744 secs]21.372: [scrub symbol table, 0.0004041 secs]21.372: [scrub string table, 0.0001157 secs][1 CMS-remark: 483991K(699072K)] 659477K(1013632K), 0.0071930 secs] [Times: user=0.13 sys=0.00, real=0.01 secs] 
21.372: [CMS-concurrent-sweep-start]
21.424: [CMS-concurrent-sweep: 0.051/0.051 secs] [Times: user=0.05 sys=0.00, real=0.05 secs] 
21.424: [CMS-concurrent-reset-start]
21.425: [CMS-concurrent-reset: 0.002/0.002 secs] [Times: user=0.00 sys=0.00, real=0.00 secs] 
23.425: [GC (CMS Initial Mark) [1 CMS-initial-mark: 483952K(699072K)] 729054K(1013632K), 0.0080703 secs] [Times: user=0.13 sys=0.00, real=0.01 secs] 
23.434: [CMS-concurrent-mark-start]
23.537: [CMS-concurrent-mark: 0.103/0.103 secs] [Times: user=0.19 sys=0.00, real=0.10 secs] 
23.537: [CMS-concurrent-preclean-start]
23.566: [CMS-concurrent-preclean: 0.028/0.029 secs] [Times: user=0.03 sys=0.00, real=0.03 secs] 
23.566: [CMS-concurrent-abortable-preclean-start]
23.566: [CMS-concurrent-abortable-preclean: 0.000/0.000 secs] [Times: user=0.00 sys=0.00, real=0.00 secs] 
23.566: [GC (CMS Final Remark) [YG occupancy: 245102 K (314560 K)]23.566: [Rescan (parallel) , 0.0076011 secs]23.574: [weak refs processing, 0.0000210 secs]23.574: [class unloading, 0.0004457 secs]23.574: [scrub symbol table, 0.0005073 secs]23.575: [scrub string table, 0.0002010 secs][1 CMS-remark: 483952K(699072K)] 729054K(1013632K), 0.0089036 secs] [Times: user=0.13 sys=0.00, real=0.01 secs] 
23.575: [CMS-concurrent-sweep-start]
23.634: [CMS-concurrent-sweep: 0.058/0.058 secs] [Times: user=0.06 sys=0.00, real=0.06 secs] 
23.634: [CMS-concurrent-reset-start]
23.634: [CMS-concurrent-reset: 0.000/0.000 secs] [Times: user=0.00 sys=0.00, real=0.00 secs] 
25.649: [GC (CMS Initial Mark) [1 CMS-initial-mark: 483951K(699072K)] 798413K(1013632K), 0.0139393 secs] [Times: user=0.11 sys=0.00, real=0.01 secs] 
25.663: [CMS-concurrent-mark-start]
25.785: [CMS-concurrent-mark: 0.122/0.122 secs] [Times: user=0.24 sys=0.00, real=0.12 secs] 
25.785: [CMS-concurrent-preclean-start]
25.821: [CMS-concurrent-preclean: 0.035/0.036 secs] [Times: user=0.03 sys=0.00, real=0.04 secs] 
25.821: [CMS-concurrent-abortable-preclean-start]
25.821: [CMS-concurrent-abortable-preclean: 0.000/0.000 secs] [Times: user=0.00 sys=0.00, real=0.00 secs] 
25.821: [GC (CMS Final Remark) [YG occupancy: 314462 K (314560 K)]25.822: [Rescan (parallel) , 0.0128239 secs]25.834: [weak refs processing, 0.0000126 secs]25.834: [class unloading, 0.0003584 secs]25.835: [scrub symbol table, 0.0003692 secs]25.835: [scrub string table, 0.0001193 secs][1 CMS-remark: 483951K(699072K)] 798413K(1013632K), 0.0138726 secs] [Times: user=0.01 sys=0.02, real=0.01 secs] 
25.836: [CMS-concurrent-sweep-start]
25.840: [GC (Allocation Failure) 25.840: [ParNew: 314560K->314560K(314560K), 0.0000174 secs]25.840: [CMS25.905: [CMS-concurrent-sweep: 0.069/0.069 secs] [Times: user=0.08 sys=0.00, real=0.07 secs] 
 (concurrent mode failure): 483951K->699071K(699072K), 0.7428099 secs] 798511K->782652K(1013632K), [Metaspace: 4137K->4137K(1056768K)], 0.7430125 secs] [Times: user=0.72 sys=0.01, real=0.74 secs] 
28.585: [GC (CMS Initial Mark) [1 CMS-initial-mark: 699071K(699072K)] 853693K(1013632K), 0.0204826 secs] [Times: user=0.14 sys=0.00, real=0.02 secs] 
28.606: [CMS-concurrent-mark-start]
28.758: [CMS-concurrent-mark: 0.152/0.152 secs] [Times: user=0.27 sys=0.00, real=0.15 secs] 
28.758: [CMS-concurrent-preclean-start]
28.901: [CMS-concurrent-preclean: 0.144/0.144 secs] [Times: user=0.16 sys=0.00, real=0.14 secs] 
28.901: [CMS-concurrent-abortable-preclean-start]
28.901: [CMS-concurrent-abortable-preclean: 0.000/0.000 secs] [Times: user=0.00 sys=0.00, real=0.00 secs] 
28.902: [GC (CMS Final Remark) [YG occupancy: 159995 K (314560 K)]28.902: [Rescan (parallel) , 0.0285784 secs]28.930: [weak refs processing, 0.0000725 secs]28.930: [class unloading, 0.0003543 secs]28.931: [scrub symbol table, 0.0003972 secs]28.931: [scrub string table, 0.0001194 secs][1 CMS-remark: 699071K(699072K)] 859066K(1013632K), 0.0296604 secs] [Times: user=0.13 sys=0.00, real=0.03 secs] 
28.932: [CMS-concurrent-sweep-start]
29.020: [CMS-concurrent-sweep: 0.089/0.089 secs] [Times: user=0.08 sys=0.00, real=0.09 secs] 
29.020: [CMS-concurrent-reset-start]
29.021: [CMS-concurrent-reset: 0.000/0.000 secs] [Times: user=0.00 sys=0.00, real=0.00 secs] 
31.020: [GC (CMS Initial Mark) [1 CMS-initial-mark: 699071K(699072K)] 939932K(1013632K), 0.0349914 secs] [Times: user=0.13 sys=0.00, real=0.03 secs] 
31.055: [CMS-concurrent-mark-start]
31.196: [CMS-concurrent-mark: 0.141/0.141 secs] [Times: user=0.31 sys=0.00, real=0.14 secs] 
31.196: [CMS-concurrent-preclean-start]
31.251: [CMS-concurrent-preclean: 0.049/0.055 secs] [Times: user=0.05 sys=0.00, real=0.06 secs] 
31.251: [CMS-concurrent-abortable-preclean-start]
31.251: [CMS-concurrent-abortable-preclean: 0.000/0.000 secs] [Times: user=0.00 sys=0.00, real=0.00 secs] 
31.252: [GC (CMS Final Remark) [YG occupancy: 246234 K (314560 K)]31.252: [Rescan (parallel) , 0.0410790 secs]31.293: [weak refs processing, 0.0000129 secs]31.293: [class unloading, 0.0004435 secs]31.293: [scrub symbol table, 0.0003690 secs]31.294: [scrub string table, 0.0001209 secs][1 CMS-remark: 699071K(699072K)] 945306K(1013632K), 0.0421526 secs] [Times: user=0.27 sys=0.00, real=0.04 secs] 
31.294: [CMS-concurrent-sweep-start]
31.381: [CMS-concurrent-sweep: 0.087/0.087 secs] [Times: user=0.08 sys=0.00, real=0.09 secs] 
31.381: [CMS-concurrent-reset-start]
31.381: [CMS-concurrent-reset: 0.000/0.000 secs] [Times: user=0.00 sys=0.00, real=0.00 secs] 
33.382: [GC (CMS Initial Mark) [1 CMS-initial-mark: 690878K(699072K)] 1000832K(1013632K), 0.0379718 secs] [Times: user=0.17 sys=0.00, real=0.04 secs] 
33.420: [CMS-concurrent-mark-start]
33.563: [CMS-concurrent-mark: 0.143/0.143 secs] [Times: user=0.28 sys=0.00, real=0.14 secs] 
33.563: [CMS-concurrent-preclean-start]
33.572: [GC (Allocation Failure) 33.572: [ParNew: 314559K->314559K(314560K), 0.0000167 secs]33.572: [CMS33.579: [CMS-concurrent-preclean: 0.014/0.016 secs] [Times: user=0.02 sys=0.00, real=0.02 secs] 
 (concurrent mode failure): 690878K->699071K(699072K), 0.6916609 secs] 1005438K->1003502K(1013632K), [Metaspace: 4152K->4152K(1056768K)], 0.6917490 secs] [Times: user=0.66 sys=0.00, real=0.69 secs] 
34.589: [Full GC (Allocation Failure) 34.589: [CMS: 699071K->699071K(699072K), 0.5638849 secs] 1013631K->1013625K(1013632K), [Metaspace: 4152K->4152K(1056768K)], 0.5639700 secs] [Times: user=0.55 sys=0.00, real=0.56 secs] 
35.153: [GC (CMS Initial Mark) [1 CMS-initial-mark: 699071K(699072K)] 1013626K(1013632K), 0.0778827 secs] [Times: user=0.08 sys=0.00, real=0.08 secs] 
35.231: [CMS-concurrent-mark-start]
35.231: [Full GC (Allocation Failure) 35.231: [CMS35.419: [CMS-concurrent-mark: 0.175/0.188 secs] [Times: user=0.34 sys=0.00, real=0.19 secs] 
 (concurrent mode failure): 699071K->699071K(699072K), 0.8397357 secs] 1013631K->1013556K(1013632K), [Metaspace: 4152K->4152K(1056768K)], 0.8397955 secs] [Times: user=0.98 sys=0.00, real=0.84 secs] 
36.073: [Full GC (Allocation Failure) 36.073: [CMS: 699071K->699071K(699072K), 0.5422996 secs] 1013631K->1013630K(1013632K), [Metaspace: 4152K->4152K(1056768K)], 0.5423736 secs] [Times: user=0.50 sys=0.00, real=0.54 secs] 
36.615: [GC (CMS Initial Mark) [1 CMS-initial-mark: 699071K(699072K)] 1013631K(1013632K), 0.0834688 secs] [Times: user=0.11 sys=0.00, real=0.08 secs] 
36.699: [CMS-concurrent-mark-start]
36.699: [Full GC (Allocation Failure) 36.699: [CMS36.861: [CMS-concurrent-mark: 0.151/0.163 secs] [Times: user=0.31 sys=0.00, real=0.16 secs] 
 (concurrent mode failure): 699071K->699071K(699072K), 0.7130328 secs] 1013631K->1013631K(1013632K), [Metaspace: 4152K->4152K(1056768K)], 0.7131215 secs] [Times: user=0.86 sys=0.00, real=0.71 secs] 
37.412: [Full GC (Allocation Failure) 37.412: [CMS: 699071K->699071K(699072K), 0.5401061 secs] 1013631K->1013631K(1013632K), [Metaspace: 4152K->4152K(1056768K)], 0.5401599 secs] [Times: user=0.55 sys=0.00, real=0.54 secs] 
37.953: [Full GC (Allocation Failure) 37.953: [CMS: 699071K->699071K(699072K), 0.5577495 secs] 1013631K->1013631K(1013632K), [Metaspace: 4152K->4152K(1056768K)], 0.5578218 secs] [Times: user=0.56 sys=0.00, real=0.56 secs] 
38.511: [GC (CMS Initial Mark) [1 CMS-initial-mark: 699071K(699072K)] 1013631K(1013632K), 0.0849235 secs] [Times: user=0.08 sys=0.00, real=0.08 secs] 
38.596: [CMS-concurrent-mark-start]
38.596: [Full GC (Allocation Failure) 38.596: [CMS38.760: [CMS-concurrent-mark: 0.157/0.164 secs] [Times: user=0.31 sys=0.00, real=0.17 secs] 
 (concurrent mode failure): 699071K->699071K(699072K), 0.7099415 secs] 1013631K->1013631K(1013632K), [Metaspace: 4152K->4152K(1056768K)], 0.7099993 secs] [Times: user=0.86 sys=0.00, real=0.71 secs] 
39.306: [Full GC (Allocation Failure) 39.306: [CMS: 699071K->699071K(699072K), 0.6132159 secs] 1013631K->1013631K(1013632K), [Metaspace: 4152K->4152K(1056768K)], 0.6132722 secs] [Times: user=0.61 sys=0.00, real=0.61 secs] 
39.920: [Full GC (Allocation Failure) 39.920: [CMS: 699071K->699071K(699072K), 0.5360888 secs] 1013631K->1013631K(1013632K), [Metaspace: 4152K->4152K(1056768K)], 0.5361480 secs] [Times: user=0.53 sys=0.00, real=0.54 secs] 
40.456: [Full GC (Allocation Failure) 40.456: [CMS: 699071K->699071K(699072K), 0.5229952 secs] 1013631K->1013631K(1013632K), [Metaspace: 4152K->4152K(1056768K)], 0.5230490 secs] [Times: user=0.53 sys=0.00, real=0.52 secs] 
40.979: [GC (CMS Initial Mark) [1 CMS-initial-mark: 699071K(699072K)] 1013631K(1013632K), 0.0772372 secs] [Times: user=0.08 sys=0.00, real=0.08 secs] 
41.057: [CMS-concurrent-mark-start]
41.057: [Full GC (Allocation Failure) 41.057: [CMS41.214: [CMS-concurrent-mark: 0.143/0.158 secs] [Times: user=0.28 sys=0.00, real=0.16 secs] 
 (concurrent mode failure): 699071K->1042K(699072K), 0.2959873 secs] 1013631K->1042K(1013632K), [Metaspace: 4152K->4152K(1056768K)], 0.2960639 secs] [Times: user=0.42 sys=0.00, real=0.30 secs] 
