
 num     #instances         #bytes  class name
----------------------------------------------
   1:          8127         682792  [C
   2:          1787         201736  java.lang.Class
   3:          7917         190008  java.lang.String
   4:           497         168296  [B
   5:           776         111112  [I
   6:          1805          93200  [Ljava.lang.Object;
   7:           482          42416  java.lang.reflect.Method
   8:           881          35240  java.util.TreeMap$Entry
   9:           954          30528  java.util.HashMap$Node
  10:           515          19288  [Ljava.lang.String;
  11:           474          18960  java.lang.ref.SoftReference
  12:           209          18496  [Ljava.util.HashMap$Node;
  13:           358          17184  java.util.HashMap
  14:           176          14080  java.lang.reflect.Constructor
  15:           398          12736  java.util.concurrent.ConcurrentHashMap$Node
  16:           518          12152  [Ljava.lang.Class;
  17:           195          10920  java.lang.invoke.MemberName
  18:           341          10912  sun.misc.FDBigInteger
  19:           255          10200  java.util.LinkedHashMap$Entry
  20:           301           9632  java.util.Hashtable$Entry
  21:           319           7656  java.lang.Long
  22:            86           7080  [Ljava.util.Hashtable$Entry;
  23:           107           6848  java.net.URL
  24:            18           6768  java.lang.Thread
  25:           200           6400  java.lang.invoke.LambdaForm$Name
  26:            94           5640  [Ljava.lang.ref.SoftReference;
  27:           137           5480  java.lang.invoke.MethodType
  28:            54           4928  [Ljava.util.WeakHashMap$Entry;
  29:           147           4704  java.lang.invoke.MethodType$ConcurrentWeakInternSet$WeakEntry
  30:           143           4576  java.util.Vector
  31:           189           4536  javax.management.ImmutableDescriptor
  32:           279           4464  java.lang.Integer
  33:           108           4320  java.util.WeakHashMap$Entry
  34:            59           4248  sun.reflect.DelegatingClassLoader
  35:            25           4240  [Ljava.util.concurrent.ConcurrentHashMap$Node;
  36:           128           4096  com.sun.jmx.mbeanserver.ConvertingMethod
  37:           256           4096  java.lang.Byte
  38:           256           4096  java.lang.Short
  39:           101           4040  java.io.ObjectStreamField
  40:           249           3984  java.lang.Object
  41:            78           3744  java.util.Hashtable
  42:           106           3392  java.lang.ref.WeakReference
  43:            79           3160  java.lang.ref.Finalizer
  44:            70           3136  [Ljava.lang.invoke.LambdaForm$Name;
  45:            65           3120  java.lang.invoke.LambdaForm
  46:            77           3080  java.security.ProtectionDomain
  47:            28           2912  [Ljava.lang.invoke.MethodHandle;
  48:            40           2880  java.lang.reflect.Field
  49:            45           2880  javax.management.openmbean.OpenMBeanAttributeInfoSupport
  50:            51           2856  sun.misc.URLClassPath$JarLoader
  51:            27           2808  java.io.ObjectStreamClass
  52:            58           2784  java.util.logging.LogManager$LoggerWeakRef
  53:            49           2744  java.lang.invoke.MethodTypeForm
  54:            49           2544  [Ljavax.management.MBeanAttributeInfo;
  55:           135           2536  [Lcom.sun.jmx.mbeanserver.MXBeanMapping;
  56:            51           2448  java.util.WeakHashMap
  57:            99           2376  java.lang.invoke.LambdaForm$NamedFunction
  58:            72           2304  java.lang.invoke.DirectMethodHandle
  59:            48           2304  javax.management.MBeanInfo
  60:            71           2272  java.security.CodeSource
  61:            70           2240  java.lang.ref.ReferenceQueue
  62:            44           2112  sun.util.locale.LocaleObjectCache$CacheEntry
  63:            87           2088  java.util.ArrayList
  64:           128           2048  java.lang.Character
  65:            27           1944  java.util.logging.Logger
  66:            60           1920  javax.management.MBeanAttributeInfo
  67:            29           1856  java.util.concurrent.ConcurrentHashMap
  68:             3           1616  [[B
  69:            40           1600  sun.management.DiagnosticCommandArgumentInfo
  70:            66           1584  java.security.Provider$ServiceKey
  71:            28           1568  sun.nio.cs.UTF_8$Encoder
  72:            48           1536  java.io.ObjectStreamClass$WeakClassKey
  73:            24           1536  java.util.jar.JarFile
  74:            16           1536  java.util.jar.JarFile$JarFileEntry
  75:            27           1512  java.security.Provider$Service
  76:            62           1488  java.util.jar.Attributes$Name
  77:            60           1440  sun.reflect.NativeConstructorAccessorImpl
  78:            59           1416  java.io.ExpiringCache$Entry
  79:            54           1384  [Ljavax.management.ObjectName$Property;
  80:             1           1376  [Lsun.misc.FDBigInteger;
  81:            43           1376  java.util.logging.LogManager$LogNode
  82:            33           1328  [J
  83:            83           1328  java.util.HashSet
  84:            32           1280  java.io.FileDescriptor
  85:            45           1240  [Ljava.io.ObjectStreamField;
  86:            31           1240  java.security.AccessControlContext
  87:            77           1232  [Ljava.security.Principal;
  88:            77           1232  java.security.ProtectionDomain$Key
  89:            72           1152  java.lang.ref.ReferenceQueue$Lock
  90:            24           1152  java.util.TreeMap
  91:            23           1104  sun.management.DiagnosticCommandInfo
  92:            33           1056  java.util.concurrent.locks.ReentrantLock$NonfairSync
  93:             1           1040  [Ljava.lang.Byte;
  94:             1           1040  [Ljava.lang.Integer;
  95:             1           1040  [Ljava.lang.Long;
  96:             1           1040  [Ljava.lang.Short;
  97:             1           1040  [[C
  98:            26           1040  javax.management.ObjectName
  99:            39           1008  [Ljavax.management.MBeanOperationInfo;
 100:            24            960  java.io.ObjectStreamClass$FieldReflectorKey
 101:            30            960  java.security.Provider$EngineDescription
 102:            60            960  sun.reflect.DelegatingConstructorAccessorImpl
 103:            39            936  javax.management.ObjectName$Property
 104:            15            840  javax.management.openmbean.ArrayType
 105:            21            840  sun.util.locale.BaseLocale$Key
 106:            11            816  [S
 107:            20            800  com.sun.jmx.mbeanserver.MXBeanSupport
 108:            25            800  java.util.zip.ZipCoder
 109:            20            800  javax.management.MBeanOperationInfo
 110:            32            768  com.sun.jmx.mbeanserver.DefaultMXBeanMappingFactory$IdentityMapping
 111:            19            760  sun.nio.cs.UTF_8$Decoder
 112:            47            752  sun.reflect.DelegatingMethodAccessorImpl
 113:            23            736  sun.management.DiagnosticCommandImpl$Wrapper
 114:            13            728  java.util.LinkedHashMap
 115:            15            720  java.lang.management.PlatformComponent
 116:            30            720  java.util.concurrent.CopyOnWriteArrayList
 117:            21            672  com.sun.jmx.mbeanserver.WeakIdentityHashMap$IdentityWeakReference
 118:            21            672  java.io.File
 119:            28            672  java.security.Provider$UString
 120:            21            672  java.util.Locale
 121:            21            672  sun.util.locale.BaseLocale
 122:            27            648  java.util.Arrays$ArrayList
 123:            20            640  java.net.InetAddress$InetAddressHolder
 124:             3            624  [Ljava.lang.invoke.LambdaForm;
 125:            38            608  java.util.jar.Attributes
 126:             5            600  java.net.SocksSocketImpl
 127:            25            600  java.util.ArrayDeque
 128:            18            576  javax.management.MBeanParameterInfo
 129:            14            560  javax.management.openmbean.SimpleType
 130:            10            560  sun.invoke.util.Wrapper
 131:            23            552  [Lsun.management.DiagnosticCommandArgumentInfo;
 132:            23            552  com.sun.jmx.mbeanserver.PerInterface$MethodAndSig
 133:             1            528  [Ljava.lang.Character;
 134:            22            528  com.sun.jmx.mbeanserver.NamedObject
 135:            22            528  java.lang.StringBuilder
 136:            33            528  java.util.concurrent.locks.ReentrantLock
 137:            22            528  sun.reflect.generics.tree.SimpleClassTypeSignature
 138:            13            520  java.lang.invoke.MethodHandleImpl$IntrinsicMethodHandle
 139:            21            504  java.util.Locale$LocaleKey
 140:             9            504  javax.management.openmbean.CompositeType
 141:            12            480  com.sun.jmx.mbeanserver.PerInterface
 142:            12            480  java.io.ObjectStreamClass$FieldReflector
 143:            20            480  java.lang.Class$AnnotationData
 144:            10            480  java.util.zip.Inflater
 145:            19            456  [Ljavax.management.MBeanParameterInfo;
 146:             6            456  [Lsun.invoke.util.Wrapper;
 147:            19            456  java.io.ObjectStreamClass$ClassDataSlot
 148:            14            448  java.io.FileOutputStream
 149:             8            448  javax.management.openmbean.OpenMBeanParameterInfoSupport
 150:             5            440  java.net.DualStackPlainSocketImpl
 151:            18            432  sun.misc.MetaIndex
 152:            13            416  java.lang.invoke.SimpleMethodHandle
 153:            13            416  java.rmi.server.UID
 154:            22            408  [Lsun.reflect.generics.tree.TypeArgument;
 155:            17            408  java.lang.management.ManagementPermission
 156:            10            400  java.lang.invoke.DirectMethodHandle$Accessor
 157:             7            392  java.util.ResourceBundle$CacheKey
 158:             1            384  com.intellij.rt.execution.application.AppMainV2$1
 159:            12            384  java.io.FileInputStream
 160:            12            384  java.lang.ThreadLocal$ThreadLocalMap$Entry
 161:             1            384  java.lang.ref.Finalizer$FinalizerThread
 162:             6            384  java.nio.DirectByteBuffer
 163:             1            384  java.util.logging.LogManager$Cleaner
 164:             1            376  java.lang.ref.Reference$ReferenceHandler
 165:            17            368  [Ljavax.management.MBeanNotificationInfo;
 166:            15            360  java.lang.RuntimePermission
 167:            15            360  javax.management.StandardMBean
 168:             5            352  [D
 169:            22            352  sun.reflect.generics.tree.ClassTypeSignature
 170:             7            336  com.sun.jmx.mbeanserver.DefaultMXBeanMappingFactory$CompositeMapping
 171:            14            336  java.lang.invoke.LambdaFormEditor$Transform$Kind
 172:             6            336  java.nio.DirectLongBufferU
 173:             7            336  java.util.ResourceBundle$BundleReference
 174:             6            336  sun.management.MemoryPoolImpl
 175:            16            328  [Ljava.lang.management.PlatformComponent;
 176:             4            320  [Ljava.lang.ThreadLocal$ThreadLocalMap$Entry;
 177:            10            320  java.lang.OutOfMemoryError
 178:            10            320  sun.security.jca.ProviderConfig
 179:            13            312  [Ljava.io.ObjectStreamClass$ClassDataSlot;
 180:            19            304  sun.reflect.BootstrapConstructorAccessorImpl
 181:            12            288  com.sun.jmx.remote.util.ClassLogger
 182:             9            288  java.io.DataOutputStream
 183:            12            288  java.lang.invoke.Invokers
 184:             9            288  java.security.Permissions
 185:            12            288  java.util.Collections$SingletonList
 186:             6            288  java.util.Properties
 187:             9            288  java.util.logging.Level
 188:             9            288  jdk.internal.org.objectweb.asm.Type
 189:             7            280  [Ljava.lang.reflect.Method;
 190:             5            280  sun.util.calendar.ZoneInfo
 191:             3            264  sun.rmi.transport.ConnectionInputStream
 192:            11            256  [Ljava.security.ProtectionDomain;
 193:             8            256  javax.management.MBeanNotificationInfo
 194:             8            256  sun.misc.ProxyGenerator$PrimitiveTypeInfo
 195:             8            248  [Ljava.lang.invoke.LambdaForm$BasicType;
 196:             6            240  [Ljava.lang.invoke.BoundMethodHandle$SpeciesData;
 197:             6            240  java.io.ObjectOutputStream$HandleTable
 198:             6            240  java.lang.ClassLoader$NativeLibrary
 199:            10            240  java.util.zip.ZStreamRef
 200:             6            240  sun.management.MemoryPoolImpl$CollectionSensor
 201:             6            240  sun.management.MemoryPoolImpl$PoolSensor
 202:             6            240  sun.reflect.generics.repository.MethodRepository
 203:            10            240  sun.rmi.runtime.Log$LoggerLog
 204:             6            240  sun.rmi.transport.tcp.TCPEndpoint
 205:             7            224  java.lang.invoke.BoundMethodHandle$Species_L
 206:             7            224  java.net.Inet6Address
 207:             7            224  java.net.Inet6Address$Inet6AddressHolder
 208:             7            224  java.util.ResourceBundle$LoaderReference
 209:            13            216  [Ljavax.management.MBeanConstructorInfo;
 210:             9            216  java.net.Inet4Address
 211:             9            216  java.util.logging.Level$KnownLevel
 212:             3            216  sun.rmi.transport.ConnectionOutputStream
 213:             9            216  sun.util.logging.PlatformLogger$Level
 214:             7            208  [Ljava.lang.invoke.LambdaForm$NamedFunction;
 215:            10            208  [Ljava.lang.reflect.Type;
 216:             5            200  java.lang.invoke.BoundMethodHandle$SpeciesData
 217:             6            192  java.lang.invoke.LambdaForm$BasicType
 218:             8            192  java.lang.invoke.MethodHandleImpl$Intrinsic
 219:             4            192  java.nio.HeapByteBuffer
 220:             8            192  java.util.Collections$UnmodifiableRandomAccessList
 221:             6            192  java.util.LinkedList
 222:             8            192  java.util.LinkedList$Node
 223:            12            192  java.util.concurrent.atomic.AtomicInteger
 224:             8            192  java.util.concurrent.atomic.AtomicLong
 225:             8            192  sun.reflect.generics.factory.CoreReflectionFactory
 226:             6            192  sun.reflect.generics.tree.MethodTypeSignature
 227:             2            176  javax.management.remote.rmi.NoCallStackClassLoader
 228:             3            168  [Ljava.io.ObjectInputStream$HandleTable$HandleList;
 229:             9            168  [Lsun.reflect.generics.tree.FieldTypeSignature;
 230:             7            168  com.sun.management.VMOption$Origin
 231:             3            168  java.io.ObjectInputStream$BlockDataInputStream
 232:             3            168  java.lang.Package
 233:             7            168  java.net.NetPermission
 234:             7            168  java.rmi.server.ObjID
 235:             3            168  javax.management.openmbean.OpenMBeanOperationInfoSupport
 236:             7            168  sun.management.counter.Units
 237:             7            168  sun.reflect.NativeMethodAccessorImpl
 238:             3            168  sun.rmi.transport.Target
 239:             9            160  [Lsun.reflect.generics.tree.FormalTypeParameter;
 240:             2            160  [[Ljava.lang.String;
 241:             5            160  java.io.DataInputStream
 242:            10            160  java.io.FileInputStream$1
 243:             5            160  javax.management.StandardEmitterMBean
 244:             5            160  sun.util.locale.provider.LocaleProviderAdapter$Type
 245:             6            144  java.lang.Thread$State
 246:             3            144  java.lang.ThreadGroup
 247:             3            144  java.net.SocketInputStream
 248:             9            144  java.rmi.server.Operation
 249:             6            144  java.util.BitSet
 250:             3            144  java.util.concurrent.ThreadPoolExecutor$Worker
 251:             6            144  sun.misc.PerfCounter
 252:             3            144  sun.misc.URLClassPath
 253:             3            144  sun.nio.cs.StreamEncoder
 254:             6            144  sun.reflect.generics.reflectiveObjects.ParameterizedTypeImpl
 255:             6            144  sun.reflect.generics.scope.MethodScope
 256:             6            144  sun.rmi.transport.ObjectEndpoint
 257:             3            128  [Ljava.lang.Thread;
 258:             4            128  com.sun.jmx.mbeanserver.DefaultMXBeanMappingFactory$ArrayMapping
 259:             2            128  java.io.ExpiringCache$1
 260:             4            128  java.net.Socket
 261:             4            128  java.security.BasicPermissionCollection
 262:             4            128  java.util.Collections$SynchronizedMap
 263:             4            128  java.util.Stack
 264:             8            128  java.util.TreeMap$EntrySet
 265:             3            120  java.io.ObjectOutputStream$BlockDataOutputStream
 266:             5            120  java.io.ObjectStreamClass$ExceptionInfo
 267:             3            120  java.lang.invoke.BoundMethodHandle$Species_LL
 268:             3            120  java.util.HashMap$ValueIterator
 269:             3            120  java.util.IdentityHashMap
 270:             3            120  sun.misc.FloatingDecimal$BinaryToASCIIBuffer
 271:             5            120  sun.misc.FloatingDecimal$PreparedASCIIToBinaryBuffer
 272:             5            120  sun.nio.fs.WindowsPathType
 273:             3            120  sun.rmi.transport.WeakRef
 274:             2            112  [Ljava.lang.invoke.MethodType;
 275:             7            112  java.lang.ThreadLocal
 276:             2            112  java.net.SocketPermission
 277:             7            112  java.util.HashMap$Values
 278:             2            112  sun.security.provider.SHA
 279:             3            104  [Ljava.net.InetAddress;
 280:             6             96  [Lsun.reflect.generics.tree.TypeSignature;
 281:             3             96  com.sun.jmx.mbeanserver.DefaultMXBeanMappingFactory$EnumMapping
 282:             3             96  java.io.ObjectInputStream$HandleTable
 283:             3             96  java.io.ObjectInputStream$PeekInputStream
 284:             4             96  java.lang.ThreadLocal$ThreadLocalMap
 285:             3             96  java.lang.reflect.Proxy$Key1
 286:             3             96  java.lang.reflect.WeakCache$CacheValue
 287:             4             96  java.net.InetAddress
 288:             2             96  java.net.SocketOutputStream
 289:             3             96  java.util.Collections$UnmodifiableMap
 290:             6             96  java.util.Collections$UnmodifiableSet
 291:             3             96  java.util.concurrent.locks.AbstractQueuedSynchronizer$Node
 292:             2             96  javax.management.openmbean.TabularType
 293:             2             96  sun.management.GarbageCollectorImpl
 294:             1             96  sun.misc.Launcher$AppClassLoader
 295:             3             96  sun.net.spi.DefaultProxySelector$NonProxyInfo
 296:             4             96  sun.reflect.annotation.AnnotationInvocationHandler
 297:             3             96  sun.reflect.generics.reflectiveObjects.TypeVariableImpl
 298:             3             96  sun.reflect.generics.repository.ClassRepository
 299:             3             96  sun.rmi.transport.LiveRef
 300:             3             96  sun.rmi.transport.StreamRemoteCall
 301:             6             96  sun.rmi.transport.Transport$$Lambda$6/1597826953
 302:             3             96  sun.rmi.transport.Transport$1
 303:             1             96  sun.security.jca.ProviderList$1
 304:             1             96  sun.security.provider.Sun
 305:             3             88  [Ljava.rmi.server.Operation;
 306:             1             88  sun.misc.Launcher$ExtClassLoader
 307:             2             80  [F
 308:             1             80  [Ljava.util.concurrent.RunnableScheduledFuture;
 309:             2             80  com.sun.jmx.mbeanserver.DefaultMXBeanMappingFactory$TabularMapping
 310:             1             80  com.sun.jmx.remote.util.ClassLoaderWithRepository
 311:             2             80  java.io.BufferedInputStream
 312:             2             80  java.io.BufferedWriter
 313:             2             80  java.io.ExpiringCache
 314:             2             80  java.lang.invoke.MethodHandleImpl$AsVarargsCollector
 315:             5             80  java.util.LinkedHashMap$LinkedValues
 316:             1             80  java.util.concurrent.ScheduledThreadPoolExecutor
 317:             1             80  java.util.concurrent.ThreadPoolExecutor
 318:             2             80  sun.management.MemoryManagerImpl
 319:             1             80  sun.net.www.protocol.jar.URLJarFile
 320:             1             80  sun.reflect.misc.MethodUtil
 321:             2             80  sun.rmi.server.UnicastServerRef2
 322:             2             80  sun.rmi.transport.tcp.TCPTransport$ConnectionHandler
 323:             1             72  [Ljava.lang.invoke.LambdaFormEditor$Transform$Kind;
 324:             1             72  [Ljavax.management.openmbean.SimpleType;
 325:             2             72  [Lsun.security.jca.ProviderConfig;
 326:             3             72  java.io.BufferedOutputStream
 327:             3             72  java.io.ObjectOutputStream$ReplaceTable
 328:             3             72  java.io.OutputStreamWriter
 329:             3             72  java.io.SerialCallbackContext
 330:             3             72  java.lang.annotation.RetentionPolicy
 331:             3             72  java.net.InetAddress$CacheEntry
 332:             3             72  java.net.Proxy$Type
 333:             3             72  java.security.SecurityPermission
 334:             3             72  java.util.Collections$SynchronizedSet
 335:             1             72  java.util.ResourceBundle$RBClassLoader
 336:             1             72  java.util.concurrent.ScheduledThreadPoolExecutor$ScheduledFutureTask
 337:             3             72  java.util.concurrent.locks.AbstractQueuedSynchronizer$ConditionObject
 338:             1             72  java.util.logging.LogManager$RootLogger
 339:             1             72  javax.management.remote.rmi.RMIConnectionImpl$CombinedClassLoader
 340:             1             72  javax.management.remote.rmi.RMIConnectionImpl$CombinedClassLoader$ClassLoaderWrapper
 341:             3             72  javax.management.remote.rmi.RMIConnectionImpl$PrivilegedOperation
 342:             3             72  sun.misc.FloatingDecimal$ExceptionalBinaryToASCIIBuffer
 343:             3             72  sun.misc.ObjectInputFilter$Status
 344:             3             72  sun.reflect.generics.tree.ClassSignature
 345:             3             72  sun.reflect.generics.tree.FormalTypeParameter
 346:             1             72  sun.util.locale.provider.JRELocaleProviderAdapter
 347:             2             64  [Ljava.lang.annotation.RetentionPolicy;
 348:             2             64  com.sun.jmx.mbeanserver.DefaultMXBeanMappingFactory$CollectionMapping
 349:             4             64  com.sun.proxy.$Proxy1
 350:             2             64  java.io.FilePermission
 351:             2             64  java.io.PrintStream
 352:             2             64  java.lang.ClassValue$Entry
 353:             2             64  java.lang.VirtualMachineError
 354:             2             64  java.lang.ref.ReferenceQueue$Null
 355:             2             64  java.security.MessageDigest$Delegate
 356:             1             64  java.security.SecureRandom
 357:             2             64  java.util.PropertyPermission
 358:             1             64  javax.management.remote.rmi.RMIConnectionImpl
 359:             1             64  javax.management.remote.rmi.RMIConnectorServer
 360:             2             64  sun.reflect.annotation.AnnotationType
 361:             2             64  sun.rmi.transport.tcp.TCPTransport
 362:             2             64  sun.security.provider.SecureRandom
 363:             1             56  [Ljava.lang.Runnable;
 364:             3             56  [Lsun.reflect.generics.tree.ClassTypeSignature;
 365:             1             56  [Lsun.util.logging.PlatformLogger$Level;
 366:             1             56  [[I
 367:             1             56  java.lang.invoke.LambdaFormEditor$Transform
 368:             1             56  java.util.logging.LogManager
 369:             1             56  javax.management.remote.rmi.RMIJRMPServerImpl
 370:             1             56  sun.rmi.runtime.Log$InternalStreamHandler
 371:             1             56  sun.rmi.transport.tcp.TCPChannel
 372:             1             56  sun.rmi.transport.tcp.TCPConnection
 373:             1             48  [Lcom.sun.management.VMOption$Origin;
 374:             3             48  [Ljava.lang.StackTraceElement;
 375:             3             48  [Ljava.lang.annotation.Annotation;
 376:             1             48  [Ljava.lang.invoke.MethodHandleImpl$Intrinsic;
 377:             2             48  [Ljava.lang.reflect.TypeVariable;
 378:             1             48  [Ljava.util.concurrent.TimeUnit;
 379:             1             48  [Lsun.management.counter.Units;
 380:             1             48  [[Ljava.lang.Object;
 381:             3             48  com.gjh.learn.jvm.thread.HoldIOMain$LazyTask
 382:             2             48  com.sun.jmx.mbeanserver.ClassLoaderRepositorySupport$LoaderEntry
 383:             1             48  com.sun.jmx.mbeanserver.DefaultMXBeanMappingFactory$Mappings
 384:             1             48  com.sun.jmx.mbeanserver.MBeanIntrospector$MBeanInfoMap
 385:             1             48  com.sun.jmx.mbeanserver.MBeanIntrospector$PerInterfaceMap
 386:             2             48  com.sun.jmx.mbeanserver.WeakIdentityHashMap
 387:             1             48  java.io.BufferedReader
 388:             2             48  java.io.File$PathStatus
 389:             2             48  java.io.FilePermissionCollection
 390:             3             48  java.io.ObjectInputStream$ValidationList
 391:             1             48  java.lang.invoke.BoundMethodHandle$Species_L4
 392:             2             48  java.lang.invoke.MethodHandles$Lookup
 393:             2             48  java.lang.reflect.ReflectPermission
 394:             2             48  java.net.InetAddress$Cache
 395:             2             48  java.net.InetAddress$Cache$Type
 396:             1             48  java.nio.HeapCharBuffer
 397:             2             48  java.nio.charset.CoderResult
 398:             3             48  java.nio.charset.CodingErrorAction
 399:             2             48  java.rmi.dgc.VMID
 400:             2             48  java.security.AllPermissionCollection
 401:             3             48  java.util.TreeMap$KeySet
 402:             1             48  java.util.concurrent.locks.ReentrantReadWriteLock$FairSync
 403:             2             48  java.util.logging.Logger$LoggerBundle
 404:             1             48  javax.management.remote.rmi.RMIConnectionImpl$RMIServerCommunicatorAdmin
 405:             2             48  sun.management.ManagementFactoryHelper$1
 406:             2             48  sun.misc.NativeSignalHandler
 407:             2             48  sun.misc.Signal
 408:             3             48  sun.net.www.protocol.jar.Handler
 409:             1             48  sun.nio.cs.StreamDecoder
 410:             1             48  sun.nio.cs.US_ASCII$Decoder
 411:             2             48  sun.reflect.generics.scope.ClassScope
 412:             3             48  sun.rmi.server.MarshalOutputStream$1
 413:             2             48  sun.security.jca.ProviderList
 414:             2             48  sun.security.jca.ProviderList$3
 415:             1             48  sun.util.locale.provider.LocaleResources$ResourceReference
 416:             2             40  [Lcom.sun.jmx.mbeanserver.ClassLoaderRepositorySupport$LoaderEntry;
 417:             1             40  [Ljava.lang.Thread$State;
 418:             1             40  [Ljava.lang.management.MemoryPoolMXBean;
 419:             1             40  [Lsun.nio.fs.WindowsPathType;
 420:             1             40  [Lsun.util.locale.provider.LocaleProviderAdapter$Type;
 421:             1             40  [[Ljava.lang.invoke.LambdaForm$Name;
 422:             1             40  com.sun.jmx.interceptor.DefaultMBeanServerInterceptor
 423:             1             40  com.sun.jmx.mbeanserver.JmxMBeanServer
 424:             1             40  com.sun.jmx.mbeanserver.MBeanServerDelegateImpl
 425:             1             40  java.util.ResourceBundle$1
 426:             1             40  sun.management.DiagnosticCommandImpl
 427:             1             40  sun.misc.Cleaner
 428:             1             40  sun.nio.cs.StandardCharsets$Aliases
 429:             1             40  sun.nio.cs.StandardCharsets$Cache
 430:             1             40  sun.nio.cs.StandardCharsets$Classes
 431:             1             40  sun.nio.cs.ext.ExtendedCharsets
 432:             1             40  sun.rmi.server.UnicastServerRef
 433:             1             40  sun.util.logging.resources.logging
 434:             1             40  sun.util.logging.resources.logging_zh_CN
 435:             1             32  [Ljava.lang.OutOfMemoryError;
 436:             1             32  [Ljava.lang.ThreadGroup;
 437:             1             32  [Ljava.lang.management.MemoryManagerMXBean;
 438:             1             32  [Ljava.net.Proxy$Type;
 439:             1             32  [Lsun.misc.ObjectInputFilter$Status;
 440:             1             32  [Lsun.nio.fs.NativeBuffer;
 441:             1             32  com.sun.jmx.mbeanserver.Repository
 442:             1             32  java.io.SerializablePermission
 443:             1             32  java.io.WinNTFileSystem
 444:             1             32  java.lang.ArithmeticException
 445:             2             32  java.lang.Boolean
 446:             1             32  java.lang.Exception
 447:             1             32  java.lang.NullPointerException
 448:             2             32  java.lang.Shutdown$Lock
 449:             1             32  java.lang.invoke.DirectMethodHandle$Special
 450:             1             32  java.lang.reflect.WeakCache
 451:             2             32  java.nio.ByteOrder
 452:             2             32  java.util.HashMap$EntrySet
 453:             2             32  java.util.LinkedHashMap$LinkedEntrySet
 454:             2             32  java.util.LinkedHashMap$LinkedKeySet
 455:             2             32  java.util.TreeSet
 456:             1             32  java.util.concurrent.ScheduledThreadPoolExecutor$DelayedWorkQueue
 457:             1             32  java.util.concurrent.SynchronousQueue
 458:             1             32  java.util.concurrent.SynchronousQueue$TransferStack$SNode
 459:             1             32  java.util.concurrent.atomic.AtomicReferenceFieldUpdater$AtomicReferenceFieldUpdaterImpl
 460:             1             32  java.util.logging.LogManager$SystemLoggerContext
 461:             1             32  javax.management.MBeanConstructorInfo
 462:             1             32  javax.management.remote.JMXServiceURL
 463:             1             32  sun.instrument.InstrumentationImpl
 464:             1             32  sun.management.jmxremote.LocalRMIServerSocketFactory$1
 465:             1             32  sun.nio.cs.StandardCharsets
 466:             1             32  sun.nio.fs.NativeBuffer
 467:             1             32  sun.nio.fs.WindowsFileSystem
 468:             2             32  sun.rmi.server.UnicastRef2
 469:             2             32  sun.rmi.server.WeakClassHashMap$ValueCell
 470:             1             32  sun.rmi.transport.DGCImpl$LeaseInfo
 471:             1             32  sun.rmi.transport.proxy.RMIMasterSocketFactory
 472:             1             32  sun.rmi.transport.tcp.TCPTransport$AcceptLoop
 473:             1             32  sun.util.locale.provider.LocaleResources
 474:             1             32  sun.util.locale.provider.LocaleServiceProviderPool
 475:             1             24  [Ljava.io.File$PathStatus;
 476:             1             24  [Ljava.lang.ClassValue$Entry;
 477:             1             24  [Ljava.net.InetAddress$Cache$Type;
 478:             1             24  [Ljava.net.InetSocketAddress;
 479:             1             24  [Lsun.launcher.LauncherHelper;
 480:             1             24  com.sun.jmx.mbeanserver.ClassLoaderRepositorySupport
 481:             1             24  com.sun.jmx.mbeanserver.MXBeanLookup
 482:             1             24  java.io.InputStreamReader
 483:             1             24  java.lang.ClassValue$Version
 484:             1             24  java.lang.Double
 485:             1             24  java.lang.invoke.MethodHandleImpl$4
 486:             1             24  java.lang.invoke.MethodType$ConcurrentWeakInternSet
 487:             1             24  java.net.Inet6AddressImpl
 488:             1             24  java.net.Proxy
 489:             1             24  java.net.SocketPermissionCollection
 490:             1             24  java.util.Collections$EmptyMap
 491:             1             24  java.util.Collections$SetFromMap
 492:             1             24  java.util.Date
 493:             1             24  java.util.Locale$Cache
 494:             1             24  java.util.ResourceBundle$Control$CandidateListCache
 495:             1             24  java.util.concurrent.Executors$RunnableAdapter
 496:             1             24  java.util.concurrent.TimeUnit$1
 497:             1             24  java.util.concurrent.TimeUnit$2
 498:             1             24  java.util.concurrent.TimeUnit$3
 499:             1             24  java.util.concurrent.TimeUnit$4
 500:             1             24  java.util.concurrent.TimeUnit$5
 501:             1             24  java.util.concurrent.TimeUnit$6
 502:             1             24  java.util.concurrent.TimeUnit$7
 503:             1             24  java.util.concurrent.locks.ReentrantReadWriteLock
 504:             1             24  java.util.concurrent.locks.ReentrantReadWriteLock$Sync$HoldCounter
 505:             1             24  java.util.jar.Manifest
 506:             1             24  java.util.logging.LogManager$LoggerContext
 507:             1             24  java.util.logging.LoggingPermission
 508:             1             24  javax.management.NotificationBroadcasterSupport
 509:             1             24  javax.management.remote.rmi.RMIJRMPServerImpl$ExportedWrapper
 510:             1             24  sun.instrument.TransformerManager
 511:             1             24  sun.launcher.LauncherHelper
 512:             1             24  sun.management.CompilationImpl
 513:             1             24  sun.management.MemoryImpl
 514:             1             24  sun.management.OperatingSystemImpl
 515:             1             24  sun.management.RuntimeImpl
 516:             1             24  sun.management.ThreadImpl
 517:             1             24  sun.management.VMManagementImpl
 518:             1             24  sun.misc.JarIndex
 519:             1             24  sun.misc.URLClassPath$FileLoader
 520:             1             24  sun.nio.cs.ISO_8859_1
 521:             1             24  sun.nio.cs.US_ASCII
 522:             1             24  sun.nio.cs.UTF_16
 523:             1             24  sun.nio.cs.UTF_16BE
 524:             1             24  sun.nio.cs.UTF_16LE
 525:             1             24  sun.nio.cs.UTF_8
 526:             1             24  sun.nio.cs.ext.GBK
 527:             1             24  sun.nio.fs.NativeBuffer$Deallocator
 528:             1             24  sun.rmi.runtime.RuntimeUtil$1
 529:             1             24  sun.rmi.transport.DGCImpl
 530:             1             24  sun.rmi.transport.SequenceEntry
 531:             1             24  sun.util.locale.BaseLocale$Cache
 532:             1             24  sun.util.locale.provider.TimeZoneNameProviderImpl
 533:             1             24  sun.util.logging.PlatformLogger
 534:             1             24  sun.util.logging.PlatformLogger$JavaLoggerProxy
 535:             1             16  [Ljava.lang.Throwable;
 536:             1             16  [Ljava.lang.management.LockInfo;
 537:             1             16  [Ljava.lang.management.MonitorInfo;
 538:             1             16  [Ljava.net.URL;
 539:             1             16  [Ljava.nio.file.attribute.FileAttribute;
 540:             1             16  [Ljava.security.Provider;
 541:             1             16  [Ljava.security.cert.Certificate;
 542:             1             16  [Ljava.util.logging.Handler;
 543:             1             16  [Lsun.instrument.TransformerManager$TransformerInfo;
 544:             1             16  [Z
 545:             1             16  com.gjh.learn.jvm.thread.HoldIOMain$HoldIOTask
 546:             1             16  com.sun.jmx.interceptor.DefaultMBeanServerInterceptor$ResourceContext$1
 547:             1             16  com.sun.jmx.mbeanserver.DefaultMXBeanMappingFactory
 548:             1             16  com.sun.jmx.mbeanserver.DescriptorCache
 549:             1             16  com.sun.jmx.mbeanserver.MBeanAnalyzer$MethodOrder
 550:             1             16  com.sun.jmx.mbeanserver.MBeanInstantiator
 551:             1             16  com.sun.jmx.mbeanserver.MXBeanIntrospector
 552:             1             16  com.sun.jmx.mbeanserver.SecureClassLoaderRepository
 553:             1             16  com.sun.jmx.remote.internal.ServerCommunicatorAdmin$Timeout
 554:             1             16  com.sun.jmx.remote.protocol.iiop.IIOPProxyImpl
 555:             1             16  com.sun.jmx.remote.security.SubjectDelegator
 556:             1             16  com.sun.proxy.$Proxy2
 557:             1             16  java.io.FileDescriptor$1
 558:             1             16  java.io.FileOutputStream$1
 559:             1             16  java.io.ObjectInputStream$$Lambda$4/589732988
 560:             1             16  java.io.ObjectInputStream$1
 561:             1             16  java.lang.ApplicationShutdownHooks$1
 562:             1             16  java.lang.CharacterDataLatin1
 563:             1             16  java.lang.ClassValue$Identity
 564:             1             16  java.lang.Float
 565:             1             16  java.lang.InheritableThreadLocal
 566:             1             16  java.lang.Runtime
 567:             1             16  java.lang.String$CaseInsensitiveComparator
 568:             1             16  java.lang.System$2
 569:             1             16  java.lang.Terminator$1
 570:             1             16  java.lang.invoke.MemberName$Factory
 571:             1             16  java.lang.invoke.MethodHandleImpl$2
 572:             1             16  java.lang.invoke.MethodHandleImpl$3
 573:             1             16  java.lang.management.PlatformComponent$1
 574:             1             16  java.lang.management.PlatformComponent$10
 575:             1             16  java.lang.management.PlatformComponent$11
 576:             1             16  java.lang.management.PlatformComponent$12
 577:             1             16  java.lang.management.PlatformComponent$13
 578:             1             16  java.lang.management.PlatformComponent$14
 579:             1             16  java.lang.management.PlatformComponent$15
 580:             1             16  java.lang.management.PlatformComponent$2
 581:             1             16  java.lang.management.PlatformComponent$3
 582:             1             16  java.lang.management.PlatformComponent$4
 583:             1             16  java.lang.management.PlatformComponent$5
 584:             1             16  java.lang.management.PlatformComponent$6
 585:             1             16  java.lang.management.PlatformComponent$7
 586:             1             16  java.lang.management.PlatformComponent$8
 587:             1             16  java.lang.management.PlatformComponent$9
 588:             1             16  java.lang.ref.Reference$1
 589:             1             16  java.lang.ref.Reference$Lock
 590:             1             16  java.lang.reflect.Proxy$KeyFactory
 591:             1             16  java.lang.reflect.Proxy$ProxyClassFactory
 592:             1             16  java.lang.reflect.ReflectAccess
 593:             1             16  java.net.InetAddress$2
 594:             1             16  java.net.URLClassLoader$7
 595:             1             16  java.nio.Bits$1
 596:             1             16  java.nio.Bits$1$1
 597:             1             16  java.nio.charset.CoderResult$1
 598:             1             16  java.nio.charset.CoderResult$2
 599:             1             16  java.nio.file.Files$AcceptAllFilter
 600:             1             16  java.rmi.server.RMIClassLoader$2
 601:             1             16  java.rmi.server.RemoteObjectInvocationHandler
 602:             1             16  java.rmi.server.RemoteObjectInvocationHandler$MethodToHash_Maps
 603:             1             16  java.security.AllPermission
 604:             1             16  java.security.ProtectionDomain$2
 605:             1             16  java.security.ProtectionDomain$JavaSecurityAccessImpl
 606:             1             16  java.util.Collections$EmptyIterator
 607:             1             16  java.util.Collections$EmptyList
 608:             1             16  java.util.Collections$EmptySet
 609:             1             16  java.util.Collections$SingletonSet
 610:             1             16  java.util.HashMap$KeySet
 611:             1             16  java.util.Hashtable$EntrySet
 612:             1             16  java.util.LinkedHashSet
 613:             1             16  java.util.ResourceBundle$Control
 614:             1             16  java.util.WeakHashMap$KeySet
 615:             1             16  java.util.concurrent.SynchronousQueue$TransferStack
 616:             1             16  java.util.concurrent.ThreadPoolExecutor$AbortPolicy
 617:             1             16  java.util.concurrent.atomic.AtomicBoolean
 618:             1             16  java.util.concurrent.locks.ReentrantReadWriteLock$ReadLock
 619:             1             16  java.util.concurrent.locks.ReentrantReadWriteLock$Sync$ThreadLocalHoldCounter
 620:             1             16  java.util.concurrent.locks.ReentrantReadWriteLock$WriteLock
 621:             1             16  java.util.jar.JavaUtilJarAccessImpl
 622:             1             16  java.util.logging.ErrorManager
 623:             1             16  java.util.logging.LoggingProxyImpl
 624:             1             16  java.util.logging.SimpleFormatter
 625:             1             16  java.util.zip.ZipFile$1
 626:             1             16  javax.management.JMX
 627:             1             16  javax.management.MBeanServerBuilder
 628:             1             16  javax.management.NotificationBroadcasterSupport$1
 629:             1             16  javax.management.remote.rmi.RMIConnectionImpl_Stub
 630:             1             16  sun.management.ClassLoadingImpl
 631:             1             16  sun.management.HotSpotDiagnostic
 632:             1             16  sun.management.ManagementFactoryHelper$PlatformLoggingImpl
 633:             1             16  sun.management.jmxremote.ConnectorBootstrap$PermanentExporter
 634:             1             16  sun.management.jmxremote.LocalRMIServerSocketFactory
 635:             1             16  sun.misc.ASCIICaseInsensitiveComparator
 636:             1             16  sun.misc.FloatingDecimal$1
 637:             1             16  sun.misc.Launcher
 638:             1             16  sun.misc.Launcher$Factory
 639:             1             16  sun.misc.ObjectInputFilter$Config$$Lambda$5/817523948
 640:             1             16  sun.misc.Perf
 641:             1             16  sun.misc.Unsafe
 642:             1             16  sun.net.spi.DefaultProxySelector
 643:             1             16  sun.net.www.protocol.file.Handler
 644:             1             16  sun.net.www.protocol.jar.JarFileFactory
 645:             1             16  sun.nio.ch.FileChannelImpl$1
 646:             1             16  sun.nio.fs.WindowsFileSystemProvider
 647:             1             16  sun.reflect.GeneratedMethodAccessor10
 648:             1             16  sun.reflect.GeneratedMethodAccessor11
 649:             1             16  sun.reflect.GeneratedMethodAccessor12
 650:             1             16  sun.reflect.GeneratedMethodAccessor13
 651:             1             16  sun.reflect.GeneratedMethodAccessor14
 652:             1             16  sun.reflect.GeneratedMethodAccessor15
 653:             1             16  sun.reflect.GeneratedMethodAccessor16
 654:             1             16  sun.reflect.GeneratedMethodAccessor17
 655:             1             16  sun.reflect.GeneratedMethodAccessor18
 656:             1             16  sun.reflect.GeneratedMethodAccessor19
 657:             1             16  sun.reflect.GeneratedMethodAccessor2
 658:             1             16  sun.reflect.GeneratedMethodAccessor20
 659:             1             16  sun.reflect.GeneratedMethodAccessor21
 660:             1             16  sun.reflect.GeneratedMethodAccessor22
 661:             1             16  sun.reflect.GeneratedMethodAccessor23
 662:             1             16  sun.reflect.GeneratedMethodAccessor24
 663:             1             16  sun.reflect.GeneratedMethodAccessor25
 664:             1             16  sun.reflect.GeneratedMethodAccessor26
 665:             1             16  sun.reflect.GeneratedMethodAccessor27
 666:             1             16  sun.reflect.GeneratedMethodAccessor29
 667:             1             16  sun.reflect.GeneratedMethodAccessor31
 668:             1             16  sun.reflect.GeneratedMethodAccessor32
 669:             1             16  sun.reflect.GeneratedMethodAccessor34
 670:             1             16  sun.reflect.GeneratedMethodAccessor35
 671:             1             16  sun.reflect.GeneratedMethodAccessor36
 672:             1             16  sun.reflect.GeneratedMethodAccessor37
 673:             1             16  sun.reflect.GeneratedMethodAccessor38
 674:             1             16  sun.reflect.GeneratedMethodAccessor39
 675:             1             16  sun.reflect.GeneratedMethodAccessor4
 676:             1             16  sun.reflect.GeneratedMethodAccessor43
 677:             1             16  sun.reflect.GeneratedMethodAccessor46
 678:             1             16  sun.reflect.GeneratedMethodAccessor47
 679:             1             16  sun.reflect.GeneratedMethodAccessor48
 680:             1             16  sun.reflect.GeneratedMethodAccessor49
 681:             1             16  sun.reflect.GeneratedMethodAccessor5
 682:             1             16  sun.reflect.GeneratedMethodAccessor50
 683:             1             16  sun.reflect.GeneratedMethodAccessor6
 684:             1             16  sun.reflect.GeneratedMethodAccessor7
 685:             1             16  sun.reflect.GeneratedMethodAccessor8
 686:             1             16  sun.reflect.GeneratedMethodAccessor9
 687:             1             16  sun.reflect.GeneratedSerializationConstructorAccessor14
 688:             1             16  sun.reflect.GeneratedSerializationConstructorAccessor15
 689:             1             16  sun.reflect.GeneratedSerializationConstructorAccessor46
 690:             1             16  sun.reflect.GeneratedSerializationConstructorAccessor47
 691:             1             16  sun.reflect.GeneratedSerializationConstructorAccessor48
 692:             1             16  sun.reflect.GeneratedSerializationConstructorAccessor49
 693:             1             16  sun.reflect.GeneratedSerializationConstructorAccessor50
 694:             1             16  sun.reflect.GeneratedSerializationConstructorAccessor51
 695:             1             16  sun.reflect.GeneratedSerializationConstructorAccessor52
 696:             1             16  sun.reflect.GeneratedSerializationConstructorAccessor53
 697:             1             16  sun.reflect.GeneratedSerializationConstructorAccessor54
 698:             1             16  sun.reflect.GeneratedSerializationConstructorAccessor55
 699:             1             16  sun.reflect.GeneratedSerializationConstructorAccessor56
 700:             1             16  sun.reflect.GeneratedSerializationConstructorAccessor57
 701:             1             16  sun.reflect.GeneratedSerializationConstructorAccessor58
 702:             1             16  sun.reflect.GeneratedSerializationConstructorAccessor59
 703:             1             16  sun.reflect.ReflectionFactory
 704:             1             16  sun.reflect.generics.tree.TypeVariableSignature
 705:             1             16  sun.rmi.runtime.Log$LoggerLogFactory
 706:             1             16  sun.rmi.runtime.RuntimeUtil
 707:             1             16  sun.rmi.server.UnicastRef
 708:             1             16  sun.rmi.server.UnicastServerRef$HashToMethod_Maps
 709:             1             16  sun.rmi.transport.DGCImpl$$Lambda$1/1598884441
 710:             1             16  sun.rmi.transport.DGCImpl$1
 711:             1             16  sun.rmi.transport.DGCImpl$2$$Lambda$2/1059854338
 712:             1             16  sun.rmi.transport.DGCImpl_Skel
 713:             1             16  sun.rmi.transport.DGCImpl_Stub
 714:             1             16  sun.rmi.transport.proxy.RMIDirectSocketFactory
 715:             1             16  sun.rmi.transport.tcp.TCPTransport$1
 716:             1             16  sun.rmi.transport.tcp.TCPTransport$ConnectionHandler$$Lambda$3/36989192
 717:             1             16  sun.security.provider.NativeSeedGenerator
 718:             1             16  sun.util.calendar.Gregorian
 719:             1             16  sun.util.locale.provider.AuxLocaleProviderAdapter$NullProvider
 720:             1             16  sun.util.locale.provider.SPILocaleProviderAdapter
 721:             1             16  sun.util.locale.provider.TimeZoneNameUtility$TimeZoneNameGetter
 722:             1             16  sun.util.resources.LocaleData
 723:             1             16  sun.util.resources.LocaleData$LocaleDataResourceBundleControl
Total         35353        2001664
